                                  MODFLOW-2005     
      U.S. GEOLOGICAL SURVEY MODULAR FINITE-DIFFERENCE GROUND-WATER FLOW MODEL
                            VERSION 1.11.00 8/8/2013

 LIST FILE: busca_base_infittito_apr24_sfr_icalc2_lake_quotaGNSS_NP.lst
                         UNIT    7

 OPENING busca_base_infittito_apr24_sfr_icalc2_lake_quotaGNSS_NP.bas
 FILE TYPE:BAS6   UNIT    1   STATUS:OLD    
 FORMAT:FORMATTED              ACCESS:SEQUENTIAL          

 OPENING busca_base_infittito_apr24_sfr_icalc2_lake_quotaGNSS_NP.dis
 FILE TYPE:DIS   UNIT   29   STATUS:OLD    
 FORMAT:FORMATTED              ACCESS:SEQUENTIAL          

 OPENING busca_base_infittito_apr24_sfr_icalc2_lake_quotaGNSS_NP.lpf
 FILE TYPE:LPF   UNIT   11   STATUS:OLD    
 FORMAT:FORMATTED              ACCESS:SEQUENTIAL          

 OPENING busca_base_infittito_apr24_sfr_icalc2_lake_quotaGNSS_NP.sfr
 FILE TYPE:SFR   UNIT   27   STATUS:OLD    
 FORMAT:FORMATTED              ACCESS:SEQUENTIAL          

 OPENING busca_base_infittito_apr24_sfr_icalc2_lake_quotaGNSS_NP.rch
 FILE TYPE:RCH   UNIT   18   STATUS:OLD    
 FORMAT:FORMATTED              ACCESS:SEQUENTIAL          

 OPENING busca_base_infittito_apr24_sfr_icalc2_lake_quotaGNSS_NP.oc
 FILE TYPE:OC   UNIT   22   STATUS:OLD    
 FORMAT:FORMATTED              ACCESS:SEQUENTIAL          

 OPENING busca_base_infittito_apr24_sfr_icalc2_lake_quotaGNSS_NP.pcg
 FILE TYPE:PCG   UNIT   19   STATUS:OLD    
 FORMAT:FORMATTED              ACCESS:SEQUENTIAL          

 OPENING busca_base_infittito_apr24_sfr_icalc2_lake_quotaGNSS_NP.lak
 FILE TYPE:LAK   UNIT   14   STATUS:OLD    
 FORMAT:FORMATTED              ACCESS:SEQUENTIAL          

 OPENING busca_base_infittito_apr24_sfr_icalc2_lake_quotaGNSS_NP.cbb
 FILE TYPE:DATA(BINARY)   UNIT   50   STATUS:UNKNOWN
 FORMAT:BINARY                 ACCESS:SEQUENTIAL          

 OPENING busca_base_infittito_apr24_sfr_icalc2_lake_quotaGNSS_NP_streamflow.dat
 FILE TYPE:DATA   UNIT   54   STATUS:UNKNOWN
 FORMAT:FORMATTED              ACCESS:SEQUENTIAL          

 OPENING busca_base_infittito_apr24_sfr_icalc2_lake_quotaGNSS_NP.hds
 FILE TYPE:DATA(BINARY)   UNIT   30   STATUS:UNKNOWN
 FORMAT:BINARY                 ACCESS:SEQUENTIAL          

 OPENING busca_base_infittito_apr24_sfr_icalc2_lake_quotaGNSS_NP.ddn
 FILE TYPE:DATA(BINARY)   UNIT   31   STATUS:UNKNOWN
 FORMAT:BINARY                 ACCESS:SEQUENTIAL          

 BAS -- BASIC PACKAGE, VERSION 7, 5/2/2005 INPUT READ FROM UNIT    1
 
 MODFLOW was compiled using mixed precision
 Precision of REAL variables:           6
 Precision of DOUBLE PRECISION variables:          15

 DISCRETIZATION INPUT DATA READ FROM UNIT   29
 # MODFLOW2000 Discretization File
    2 LAYERS       321 ROWS       196 COLUMNS
    1 STRESS PERIOD(S) IN SIMULATION
 MODEL TIME UNIT IS DAYS
 MODEL LENGTH UNIT IS UNDEFINED
  Confining bed flag for each layer:
   0   0



                               DELR
 READING ON UNIT   29 WITH FORMAT: (10E12.4)           
   50.000       50.000       50.000       50.000       50.000       50.000       50.000       50.000       50.000       50.000    
   50.000       50.000       50.000       50.000       50.000       50.000       50.000       50.000       50.000       50.000    
   50.000       50.000       50.000       50.000       50.000       50.000       50.000       50.000       50.000       50.000    
   50.000       50.000       50.000       50.000       56.672       50.391       33.594       22.781       15.188       10.125    
   6.7500       4.5000       3.0000       3.0000       3.0000       3.0000       3.0000       3.0000       3.0000       3.0000    
   3.0000       3.0000       3.0000       3.0000       3.0000       3.0000       3.0000       3.0000       3.0000       3.0000    
   3.0000       3.0000       3.0000       3.0000       3.0000       3.0000       3.0000       3.0000       3.0000       3.0000    
   3.0000       3.0000       3.0000       3.0000       3.0000       3.0000       3.0000       3.0000       3.0000       3.0000    
   3.0000       3.0000       3.0000       3.0000       3.0000       3.0000       3.0000       3.0000       3.0000       3.0000    
   3.0000       3.0000       3.0000       3.0000       3.0000       3.0000       3.0000       3.0000       3.0000       3.0000    
   3.0000       3.0000       3.0000       3.0000       3.0000       3.0000       3.0000       3.0000       3.0000       3.0000    
   3.0000       3.0000       3.0000       3.0000       3.0000       3.0000       3.0000       3.0000       3.0000       3.0000    
   3.0000       3.0000       3.0000       3.0000       3.0000       3.0000       3.0000       3.0000       3.0000       3.0000    
   3.0000       3.0000       3.0000       3.0000       3.0000       3.0000       3.0000       3.0000       3.0000       3.0000    
   3.0000       3.0000       3.0000       3.0000       3.0000       3.0000       3.0000       3.0000       3.0000       3.0000    
   3.0000       3.0000       3.0000       3.0000       3.0000       3.0000       3.0000       4.5000       6.7500       10.125    
   15.188       18.438       27.656       41.484       62.227       68.633       50.000       50.000       50.000       50.000    
   50.000       50.000       50.000       50.000       50.000       50.000       50.000       50.000       50.000       50.000    
   50.000       50.000       50.000       50.000       50.000       50.000       50.000       50.000       50.000       50.000    
   50.000       50.000       50.000       50.000       50.000       50.000    



                               DELC
 READING ON UNIT   29 WITH FORMAT: (10E12.4)           
   50.000       50.000       50.000       50.000       50.000       50.000       50.000       50.000       50.000       50.000    
   50.000       50.000       50.000       50.000       50.000       50.000       50.000       50.000       50.000       50.000    
   50.000       50.000       50.000       50.000       50.000       50.000       50.000       50.000       50.000       50.000    
   50.000       50.000       50.000       56.672       50.391       33.594       22.781       15.188       10.125       6.7500    
   4.5000       3.0000       3.0000       3.0000       3.0000       3.0000       2.8409       3.1591       3.0000       3.0000    
   3.0000       3.0000       3.0000       3.0000       3.0000       3.0000       3.0000       3.0000       3.0000       3.0000    
   3.0000       3.0000       3.0000       3.0000       3.0000       3.0000       3.0000       3.0000       3.0000       3.0000    
   3.0000       3.0000       3.0000       3.0000       3.0000       3.0000       3.0000       3.0000       3.0000       3.0000    
   3.0000       3.0000       3.0000       3.0000       3.0000       3.0000       3.0000       3.0000       3.0000       3.0000    
   3.0000       3.0000       3.0000       3.0000       3.0000       3.0000       3.0000       3.0000       3.0000       3.0000    
   3.0000       3.0000       3.0000       3.0000       3.0000       3.0000       3.0000       3.0000       3.0000       3.0000    
   3.0000       3.0000       3.0000       3.0000       3.0000       3.0000       3.0000       3.0000       3.0000       3.0000    
   3.0000       3.0000       3.0000       3.0000       3.0000       3.0000       3.0000       3.0000       3.0000       3.0000    
   3.0000       3.0000       3.0000       3.0000       3.0000       3.0000       3.0000       3.0000       3.0000       3.0000    
   3.0000       3.0000       3.0000       3.0000       3.0000       3.0000       3.0000       3.0000       3.0000       3.0000    
   3.0000       3.0000       3.0000       3.0000       3.0000       3.0000       3.0000       3.0000       3.0000       3.0000    
   3.0000       3.0000       3.0000       3.0000       3.0000       3.0000       3.0000       3.0000       3.0000       3.0000    
   3.0000       3.0000       3.0000       3.0000       3.0000       3.0000       3.0000       3.0000       3.0000       3.0000    
   3.0000       3.0000       3.0000       3.0000       3.0000       3.0000       3.0000       3.0000       3.0000       3.0000    
   3.0000       3.0000       3.0000       3.0000       3.0000       3.0000       3.0000       3.0000       3.0000       3.0000    
   3.0000       3.0000       3.0000       3.0000       3.0000       3.0000       3.0000       3.0000       3.0000       3.0000    
   3.0000       3.0000       3.0000       3.0000       3.0000       3.0000       3.0000       3.0000       3.0000       3.0000    
   3.0000       3.0000       3.0000       3.0000       3.0000       3.0000       3.0000       3.0000       3.0000       3.0000    
   3.0000       3.0000       3.0000       3.0000       3.0000       3.0000       3.0000       3.0000       3.0000       3.0000    
   3.0000       3.0000       3.0000       3.0000       3.0000       3.0000       3.0000       3.0000       3.0000       3.0000    
   3.0000       3.0000       3.0000       3.0000       3.0000       3.0000       3.0000       3.0000       3.0000       3.0000    
   3.0000       3.0000       3.0000       3.0000       3.0000       3.0000       3.0000       3.0000       3.0000       3.0000    
   3.0000       3.0000       3.0000       3.0000       3.0000       3.0000       3.0000       3.0000       3.0000       3.0000    
   3.0000       3.0000       3.0000       3.0000       3.0000       3.0000       3.0000       3.0000       3.0000       4.5000    
   6.7500       10.125       15.188       19.438       29.156       43.734       65.602       61.508       50.000       50.000    
   50.000       50.000       50.000       50.000       50.000       50.000       50.000       50.000       50.000       50.000    
   50.000       50.000       50.000       50.000       50.000       50.000       50.000       50.000       50.000       50.000    
   50.000    



           TOP ELEVATION OF LAYER 1
 READING ON UNIT   29 WITH FORMAT: (10e12.4)           



             MODEL LAYER BOTTOM EL. FOR LAYER   1
 READING ON UNIT   29 WITH FORMAT: (10e12.4)           



             MODEL LAYER BOTTOM EL. FOR LAYER   2
 READING ON UNIT   29 WITH FORMAT: (10e12.4)           


 STRESS PERIOD     LENGTH       TIME STEPS     MULTIPLIER FOR DELT    SS FLAG
 ----------------------------------------------------------------------------
        1         10.00000          1                    1.200         SS

 STEADY-STATE SIMULATION



 
 # MODFLOW2005 Basic Package                                                     
 #MODFLOW Data Set Created by Groundwater Vistas                                 
 #



                     BOUNDARY ARRAY FOR LAYER   1
 READING ON UNIT    1 WITH FORMAT: (25I3)              



                     BOUNDARY ARRAY FOR LAYER   2
 READING ON UNIT    1 WITH FORMAT: (25I3)              

 AQUIFER HEAD WILL BE SET TO   999.00     AT ALL NO-FLOW NODES (IBOUND=0).



                       INITIAL HEAD FOR LAYER   1
 READING ON UNIT    1 WITH FORMAT: (10e12.4)           



                       INITIAL HEAD FOR LAYER   2
 READING ON UNIT    1 WITH FORMAT: (10e12.4)           

 OUTPUT CONTROL IS SPECIFIED ONLY AT TIME STEPS FOR WHICH OUTPUT IS DESIRED
 HEAD PRINT FORMAT CODE IS   0    DRAWDOWN PRINT FORMAT CODE IS   0
 HEADS WILL BE SAVED ON UNIT   30    DRAWDOWNS WILL BE SAVED ON UNIT   31

 LPF -- LAYER-PROPERTY FLOW PACKAGE, VERSION 7, 5/2/2005
         INPUT READ FROM UNIT   11
 # MODFLOW2000 Layer Property Flow (LPF) Package
 CELL-BY-CELL FLOWS WILL BE SAVED ON UNIT   50
 HEAD AT CELLS THAT CONVERT TO DRY= -1.00000E+30
 No named parameters

   LAYER FLAGS:
 LAYER       LAYTYP        LAYAVG         CHANI        LAYVKA        LAYWET
 ---------------------------------------------------------------------------
    1             1             0     1.000E+00             0             0
    2             0             0     1.000E+00             0             0

   INTERPRETATION OF LAYER FLAGS:
                        INTERBLOCK     HORIZONTAL    DATA IN
         LAYER TYPE   TRANSMISSIVITY   ANISOTROPY   ARRAY VKA   WETTABILITY
 LAYER      (LAYTYP)      (LAYAVG)       (CHANI)      (LAYVKA)      (LAYWET)
 ---------------------------------------------------------------------------
    1   CONVERTIBLE      HARMONIC     1.000E+00    VERTICAL K  NON-WETTABLE
    2      CONFINED      HARMONIC     1.000E+00    VERTICAL K  NON-WETTABLE

 WETTING CAPABILITY IS NOT ACTIVE IN ANY LAYER

    HYD. COND. ALONG ROWS =  4.510500E-03 FOR LAYER   1

      VERTICAL HYD. COND. =  4.510500E-04 FOR LAYER   1

    HYD. COND. ALONG ROWS =  4.510500E-03 FOR LAYER   2

      VERTICAL HYD. COND. =  4.510500E-04 FOR LAYER   2

 RCH -- RECHARGE PACKAGE, VERSION 7, 5/2/2005 INPUT READ FROM UNIT   18
 # MODFLOW2000 Recharge Package
 No named parameters
 OPTION 3 -- RECHARGE TO HIGHEST ACTIVE NODE IN EACH VERTICAL COLUMN
 CELL-BY-CELL FLOWS WILL BE SAVED ON UNIT   50


     0 Recharge parameters

 SFR7 -- STREAMFLOW ROUTING PACKAGE, VERSION 1.0.7, 2013-01-15
         INPUT READ FROM UNIT  27
 # SFR package for MODFLOW-2005 generated by Flopy 3.10.0
 No named parameters
 Segment information will not be 
 read by reach
 No named parameters
 No specifed inflow files


 NUMBER OF STREAM REACHES IS  319

 NUMBER OF STREAM SEGMENTS IS    7

 NUMBER OF STREAM PARAMETERS IS    0

 NUMBER OF STREAM SEGMENTS DEFINED USING PARAMETERS IS              0

 MAXIMUM ERROR FOR STREAM LEAKAGE RATES IS  1.00E-04

 CONSTANT FOR MANNINGS EQUATION IS  1.0000E+00





 USING DATA INPUT MODIFIED FROM ORIGINAL SFR PROGRAM FOR FARM PACKAGE

 FLOW TO AND FROM GROUND WATER FOR EACH STREAM REACH WILL BE SAVED ON UNIT   50
 STREAM OUTPUT WILL BE WRITTEN TO FILE ON UNIT   54


   STREAM NETWORK DESCRIPTION: 

   LAYER    ROW    COL   SEGMENT   REACH     LENGTH     STREAMBED     STREAMBED   STREAMBED     STREAMBED
                          NUMBER   NUMBER    IN CELL    TOP ELEV.       SLOPE     THICKNESS   HYDR. CONDUCT.        
   ---------------------------------------------------------------------------------------------------------
       1     52     54       1        1    4.0000E+00   1.2481E+02   2.3880E-03   5.0000E-01   1.0000E-04
       1     53     54       1        2    1.0000E+00   1.2480E+02   2.3880E-03   5.0000E-01   1.0000E-04
       1     53     55       1        3    2.0000E+00   1.2480E+02   2.3880E-03   5.0000E-01   1.0000E-04
       1     54     55       1        4    3.0000E+00   1.2480E+02   2.3880E-03   5.0000E-01   1.0000E-04
       1     55     55       1        5    1.0000E+00   1.2479E+02   2.3880E-03   5.0000E-01   1.0000E-04
       1     55     56       1        6    3.0000E+00   1.2479E+02   2.3880E-03   5.0000E-01   1.0000E-04
       1     56     56       1        7    3.0000E+00   1.2478E+02   2.3880E-03   5.0000E-01   1.0000E-04
       1     57     56       1        8    1.0000E+00   1.2478E+02   2.3880E-03   5.0000E-01   1.0000E-04
       1     57     57       1        9    4.0000E+00   1.2478E+02   2.3880E-03   5.0000E-01   1.0000E-04
       1     58     57       1       10    3.0000E+00   1.2477E+02   2.3880E-03   5.0000E-01   1.0000E-04
       1     58     58       1       11    1.0000E+00   1.2477E+02   2.3880E-03   5.0000E-01   1.0000E-04
       1     59     58       1       12    4.0000E+00   1.2477E+02   2.3880E-03   5.0000E-01   1.0000E-04
       1     60     58       1       13    2.0000E+00   1.2476E+02   2.3880E-03   5.0000E-01   1.0000E-04
       1     60     59       1       14    1.0000E+00   1.2476E+02   2.3880E-03   5.0000E-01   1.0000E-04
       1     61     59       1       15    3.0000E+00   1.2476E+02   2.3880E-03   5.0000E-01   1.0000E-04
       1     62     59       1       16    2.0000E+00   1.2475E+02   2.3880E-03   5.0000E-01   1.0000E-04
       1     62     60       1       17    2.0000E+00   1.2475E+02   2.3880E-03   5.0000E-01   1.0000E-04
       1     63     60       1       18    3.0000E+00   1.2475E+02   2.3880E-03   5.0000E-01   1.0000E-04
       1     64     60       1       19    1.0000E+00   1.2474E+02   2.3880E-03   5.0000E-01   1.0000E-04
       1     64     61       1       20    3.0000E+00   1.2474E+02   2.3880E-03   5.0000E-01   1.0000E-04
       1     65     61       1       21    3.0000E+00   1.2473E+02   2.3880E-03   5.0000E-01   1.0000E-04
       1     66     61       1       22    1.0000E+00   1.2473E+02   2.3880E-03   5.0000E-01   1.0000E-04
       1     66     62       1       23    4.0000E+00   1.2473E+02   2.3880E-03   5.0000E-01   1.0000E-04
       1     67     62       1       24    3.0000E+00   1.2472E+02   2.3880E-03   5.0000E-01   1.0000E-04
       1     67     63       1       25    1.0000E+00   1.2472E+02   2.3880E-03   5.0000E-01   1.0000E-04
       1     68     63       1       26    3.0000E+00   1.2472E+02   2.3880E-03   5.0000E-01   1.0000E-04
       1     69     63       1       27    3.0000E+00   1.2471E+02   2.3880E-03   5.0000E-01   1.0000E-04
       1     69     64       1       28    1.0000E+00   1.2471E+02   2.3880E-03   5.0000E-01   1.0000E-04
       1     70     64       1       29    3.0000E+00   1.2471E+02   2.3880E-03   5.0000E-01   1.0000E-04
       1     71     64       1       30    2.0000E+00   1.2470E+02   2.3880E-03   5.0000E-01   1.0000E-04
       1     71     65       1       31    2.0000E+00   1.2470E+02   2.3880E-03   5.0000E-01   1.0000E-04
       1     72     65       1       32    3.0000E+00   1.2469E+02   2.3880E-03   5.0000E-01   1.0000E-04
       1     73     65       1       33    1.0000E+00   1.2469E+02   2.3880E-03   5.0000E-01   1.0000E-04
       1     73     66       1       34    3.0000E+00   1.2469E+02   2.3880E-03   5.0000E-01   1.0000E-04
       1     74     66       1       35    3.0000E+00   1.2468E+02   2.3880E-03   5.0000E-01   1.0000E-04
       1     75     66       1       36    1.0000E+00   1.2468E+02   2.3880E-03   5.0000E-01   1.0000E-04
       1     75     67       1       37    3.0000E+00   1.2468E+02   2.3880E-03   5.0000E-01   1.0000E-04
       1     76     67       1       38    3.0000E+00   1.2467E+02   2.3880E-03   5.0000E-01   1.0000E-04
       1     76     68       1       39    1.0000E+00   1.2467E+02   2.3880E-03   5.0000E-01   1.0000E-04
       1     77     68       1       40    3.0000E+00   1.2467E+02   2.3880E-03   5.0000E-01   1.0000E-04
       1     78     68       1       41    3.0000E+00   1.2466E+02   2.3880E-03   5.0000E-01   1.0000E-04
       1     78     69       1       42    1.0000E+00   1.2466E+02   2.3880E-03   5.0000E-01   1.0000E-04
       1     79     69       1       43    3.0000E+00   1.2466E+02   2.3880E-03   5.0000E-01   1.0000E-04
       1     80     69       1       44    2.0000E+00   1.2465E+02   2.3880E-03   5.0000E-01   1.0000E-04
       1     80     70       1       45    2.0000E+00   1.2465E+02   2.3880E-03   5.0000E-01   1.0000E-04
       1     81     70       1       46    3.0000E+00   1.2464E+02   2.3880E-03   5.0000E-01   1.0000E-04
       1     82     70       1       47    1.0000E+00   1.2464E+02   2.3880E-03   5.0000E-01   1.0000E-04
       1     82     71       1       48    2.0000E+00   1.2464E+02   2.3880E-03   5.0000E-01   1.0000E-04
       1     83     71       1       49    4.0000E+00   1.2463E+02   2.3880E-03   5.0000E-01   1.0000E-04
       1     84     71       1       50    1.0000E+00   1.2463E+02   2.3880E-03   5.0000E-01   1.0000E-04
       1     84     72       1       51    3.0000E+00   1.2463E+02   2.3880E-03   5.0000E-01   1.0000E-04
       1     85     72       1       52    3.0000E+00   1.2462E+02   2.3880E-03   5.0000E-01   1.0000E-04
       1     85     73       1       53    1.0000E+00   1.2462E+02   2.3880E-03   5.0000E-01   1.0000E-04
       1     86     73       1       54    3.0000E+00   1.2462E+02   2.3880E-03   5.0000E-01   1.0000E-04
       1     87     73       1       55    3.0000E+00   1.2461E+02   2.3880E-03   5.0000E-01   1.0000E-04
       1     87     74       1       56    1.0000E+00   1.2461E+02   2.3880E-03   5.0000E-01   1.0000E-04
       1     88     74       1       57    3.0000E+00   1.2460E+02   2.3880E-03   5.0000E-01   1.0000E-04
       1     89     74       1       58    2.0000E+00   1.2460E+02   2.3880E-03   5.0000E-01   1.0000E-04
       1     89     75       1       59    1.0000E+00   1.2460E+02   2.3880E-03   5.0000E-01   1.0000E-04
       1     90     75       1       60    4.0000E+00   1.2459E+02   2.3880E-03   5.0000E-01   1.0000E-04
       1     91     75       1       61    1.0000E+00   1.2459E+02   2.3880E-03   5.0000E-01   1.0000E-04
       1     91     76       1       62    2.0000E+00   1.2459E+02   2.3880E-03   5.0000E-01   1.0000E-04
       1     92     76       1       63    1.0000E+00   1.2459E+02   2.3880E-03   5.0000E-01   1.0000E-04
       1     93     76       2        1    1.0000E+00   1.2458E+02   4.2600E-04   5.0000E-01   1.0000E-04
       1     93     77       2        2    2.0000E+00   1.2458E+02   4.2600E-04   5.0000E-01   1.0000E-04
       1     94     77       2        3    4.0000E+00   1.2458E+02   4.2600E-04   5.0000E-01   1.0000E-04
       1     95     77       2        4    1.0000E+00   1.2458E+02   4.2600E-04   5.0000E-01   1.0000E-04
       1     95     78       2        5    3.0000E+00   1.2458E+02   4.2600E-04   5.0000E-01   1.0000E-04
       1     96     78       2        6    3.0000E+00   1.2458E+02   4.2600E-04   5.0000E-01   1.0000E-04
       1     96     79       2        7    1.0000E+00   1.2458E+02   4.2600E-04   5.0000E-01   1.0000E-04
       1     97     79       2        8    3.0000E+00   1.2458E+02   4.2600E-04   5.0000E-01   1.0000E-04
       1     98     79       2        9    2.0000E+00   1.2458E+02   4.2600E-04   5.0000E-01   1.0000E-04
       1     98     80       2       10    2.0000E+00   1.2458E+02   4.2600E-04   5.0000E-01   1.0000E-04
       1     99     80       2       11    3.0000E+00   1.2458E+02   4.2600E-04   5.0000E-01   1.0000E-04
       1    100     80       2       12    1.0000E+00   1.2458E+02   4.2600E-04   5.0000E-01   1.0000E-04
       1    100     81       2       13    2.0000E+00   1.2458E+02   4.2600E-04   5.0000E-01   1.0000E-04
       1    101     81       2       14    4.0000E+00   1.2458E+02   4.2600E-04   5.0000E-01   1.0000E-04
       1    102     81       2       15    1.0000E+00   1.2458E+02   4.2600E-04   5.0000E-01   1.0000E-04
       1    102     82       2       16    3.0000E+00   1.2458E+02   4.2600E-04   5.0000E-01   1.0000E-04
       1    103     82       2       17    4.0000E+00   1.2458E+02   4.2600E-04   5.0000E-01   1.0000E-04
       1    103     83       2       18    1.0000E+00   1.2458E+02   4.2600E-04   5.0000E-01   1.0000E-04
       1    104     83       2       19    3.0000E+00   1.2458E+02   4.2600E-04   5.0000E-01   1.0000E-04
       1    105     83       2       20    3.0000E+00   1.2458E+02   4.2600E-04   5.0000E-01   1.0000E-04
       1    105     84       2       21    1.0000E+00   1.2458E+02   4.2600E-04   5.0000E-01   1.0000E-04
       1    106     84       2       22    3.0000E+00   1.2458E+02   4.2600E-04   5.0000E-01   1.0000E-04
       1    107     84       2       23    2.0000E+00   1.2458E+02   4.2600E-04   5.0000E-01   1.0000E-04
       1    107     85       2       24    1.0000E+00   1.2458E+02   4.2600E-04   5.0000E-01   1.0000E-04
       1    108     85       2       25    4.0000E+00   1.2458E+02   4.2600E-04   5.0000E-01   1.0000E-04
       1    109     85       2       26    1.0000E+00   1.2458E+02   4.2600E-04   5.0000E-01   1.0000E-04
       1    109     86       2       27    2.0000E+00   1.2458E+02   4.2600E-04   5.0000E-01   1.0000E-04
       1    110     86       2       28    4.0000E+00   1.2458E+02   4.2600E-04   5.0000E-01   1.0000E-04
       1    111     86       2       29    1.0000E+00   1.2458E+02   4.2600E-04   5.0000E-01   1.0000E-04
       1    111     87       2       30    3.0000E+00   1.2458E+02   4.2600E-04   5.0000E-01   1.0000E-04
       1    112     87       2       31    3.0000E+00   1.2458E+02   4.2600E-04   5.0000E-01   1.0000E-04
       1    112     88       2       32    1.0000E+00   1.2458E+02   4.2600E-04   5.0000E-01   1.0000E-04
       1    113     88       2       33    3.0000E+00   1.2458E+02   4.2600E-04   5.0000E-01   1.0000E-04
       1    114     88       2       34    2.0000E+00   1.2458E+02   4.2600E-04   5.0000E-01   1.0000E-04
       1    114     89       2       35    2.0000E+00   1.2458E+02   4.2600E-04   5.0000E-01   1.0000E-04
       1    115     89       2       36    3.0000E+00   1.2458E+02   4.2600E-04   5.0000E-01   1.0000E-04
       1    116     89       2       37    2.0000E+00   1.2458E+02   4.2600E-04   5.0000E-01   1.0000E-04
       1    116     90       2       38    1.0000E+00   1.2458E+02   4.2600E-04   5.0000E-01   1.0000E-04
       1    117     90       2       39    4.0000E+00   1.2458E+02   4.2600E-04   5.0000E-01   1.0000E-04
       1    118     90       2       40    1.0000E+00   1.2458E+02   4.2600E-04   5.0000E-01   1.0000E-04
       1    118     91       2       41    2.0000E+00   1.2458E+02   4.2600E-04   5.0000E-01   1.0000E-04
       1    119     91       2       42    4.0000E+00   1.2458E+02   4.2600E-04   5.0000E-01   1.0000E-04
       1    120     91       2       43    1.0000E+00   1.2458E+02   4.2600E-04   5.0000E-01   1.0000E-04
       1    120     92       2       44    3.0000E+00   1.2458E+02   4.2600E-04   5.0000E-01   1.0000E-04
       1    121     92       2       45    3.0000E+00   1.2458E+02   4.2600E-04   5.0000E-01   1.0000E-04
       1    121     93       2       46    1.0000E+00   1.2458E+02   4.2600E-04   5.0000E-01   1.0000E-04
       1    122     93       2       47    3.0000E+00   1.2458E+02   4.2600E-04   5.0000E-01   1.0000E-04
       1    123     93       2       48    2.0000E+00   1.2457E+02   4.2600E-04   5.0000E-01   1.0000E-04
       1    123     94       2       49    1.0000E+00   1.2457E+02   4.2600E-04   5.0000E-01   1.0000E-04
       1    124     94       2       50    4.0000E+00   1.2457E+02   4.2600E-04   5.0000E-01   1.0000E-04
       1    125     94       2       51    1.0000E+00   1.2457E+02   4.2600E-04   5.0000E-01   1.0000E-04
       1    125     95       2       52    1.0000E+00   1.2457E+02   4.2600E-04   5.0000E-01   1.0000E-04
       1    126     95       3        1    4.0000E+00   1.2457E+02   9.7800E-04   5.0000E-01   1.0000E-04
       1    127     95       3        2    1.0000E+00   1.2457E+02   9.7800E-04   5.0000E-01   1.0000E-04
       1    127     96       3        3    2.0000E+00   1.2457E+02   9.7800E-04   5.0000E-01   1.0000E-04
       1    128     96       3        4    4.0000E+00   1.2457E+02   9.7800E-04   5.0000E-01   1.0000E-04
       1    129     96       3        5    1.0000E+00   1.2457E+02   9.7800E-04   5.0000E-01   1.0000E-04
       1    129     97       3        6    3.0000E+00   1.2457E+02   9.7800E-04   5.0000E-01   1.0000E-04
       1    130     97       3        7    3.0000E+00   1.2457E+02   9.7800E-04   5.0000E-01   1.0000E-04
       1    130     98       3        8    1.0000E+00   1.2457E+02   9.7800E-04   5.0000E-01   1.0000E-04
       1    131     98       3        9    3.0000E+00   1.2457E+02   9.7800E-04   5.0000E-01   1.0000E-04
       1    132     98       3       10    3.0000E+00   1.2457E+02   9.7800E-04   5.0000E-01   1.0000E-04
       1    132     99       3       11    1.0000E+00   1.2457E+02   9.7800E-04   5.0000E-01   1.0000E-04
       1    133     99       3       12    4.0000E+00   1.2457E+02   9.7800E-04   5.0000E-01   1.0000E-04
       1    134     99       3       13    2.0000E+00   1.2457E+02   9.7800E-04   5.0000E-01   1.0000E-04
       1    134    100       3       14    1.0000E+00   1.2457E+02   9.7800E-04   5.0000E-01   1.0000E-04
       1    135    100       3       15    4.0000E+00   1.2457E+02   9.7800E-04   5.0000E-01   1.0000E-04
       1    136    100       3       16    1.0000E+00   1.2457E+02   9.7800E-04   5.0000E-01   1.0000E-04
       1    136    101       3       17    2.0000E+00   1.2457E+02   9.7800E-04   5.0000E-01   1.0000E-04
       1    137    101       3       18    3.0000E+00   1.2457E+02   9.7800E-04   5.0000E-01   1.0000E-04
       1    138    101       3       19    1.0000E+00   1.2456E+02   9.7800E-04   5.0000E-01   1.0000E-04
       1    138    102       3       20    3.0000E+00   1.2456E+02   9.7800E-04   5.0000E-01   1.0000E-04
       1    139    102       3       21    3.0000E+00   1.2456E+02   9.7800E-04   5.0000E-01   1.0000E-04
       1    140    102       3       22    1.0000E+00   1.2456E+02   9.7800E-04   5.0000E-01   1.0000E-04
       1    140    103       3       23    4.0000E+00   1.2456E+02   9.7800E-04   5.0000E-01   1.0000E-04
       1    141    103       3       24    3.0000E+00   1.2456E+02   9.7800E-04   5.0000E-01   1.0000E-04
       1    141    104       3       25    1.0000E+00   1.2456E+02   9.7800E-04   5.0000E-01   1.0000E-04
       1    142    104       3       26    4.0000E+00   1.2456E+02   9.7800E-04   5.0000E-01   1.0000E-04
       1    143    104       3       27    2.0000E+00   1.2456E+02   9.7800E-04   5.0000E-01   1.0000E-04
       1    143    105       3       28    1.0000E+00   1.2456E+02   9.7800E-04   5.0000E-01   1.0000E-04
       1    144    105       3       29    3.0000E+00   1.2456E+02   9.7800E-04   5.0000E-01   1.0000E-04
       1    145    105       3       30    2.0000E+00   1.2456E+02   9.7800E-04   5.0000E-01   1.0000E-04
       1    145    106       3       31    2.0000E+00   1.2456E+02   9.7800E-04   5.0000E-01   1.0000E-04
       1    146    106       3       32    3.0000E+00   1.2456E+02   9.7800E-04   5.0000E-01   1.0000E-04
       1    147    106       3       33    1.0000E+00   1.2456E+02   9.7800E-04   5.0000E-01   1.0000E-04
       1    147    107       3       34    3.0000E+00   1.2456E+02   9.7800E-04   5.0000E-01   1.0000E-04
       1    148    107       3       35    3.0000E+00   1.2456E+02   9.7800E-04   5.0000E-01   1.0000E-04
       1    149    107       3       36    1.0000E+00   1.2456E+02   9.7800E-04   5.0000E-01   1.0000E-04
       1    149    108       3       37    3.0000E+00   1.2456E+02   9.7800E-04   5.0000E-01   1.0000E-04
       1    150    108       3       38    3.0000E+00   1.2456E+02   9.7800E-04   5.0000E-01   1.0000E-04
       1    150    109       3       39    1.0000E+00   1.2456E+02   9.7800E-04   5.0000E-01   1.0000E-04
       1    151    109       3       40    3.0000E+00   1.2455E+02   9.7800E-04   5.0000E-01   1.0000E-04
       1    152    109       3       41    3.0000E+00   1.2455E+02   9.7800E-04   5.0000E-01   1.0000E-04
       1    152    110       3       42    1.0000E+00   1.2455E+02   9.7800E-04   5.0000E-01   1.0000E-04
       1    153    110       3       43    3.0000E+00   1.2455E+02   9.7800E-04   5.0000E-01   1.0000E-04
       1    154    110       3       44    2.0000E+00   1.2455E+02   9.7800E-04   5.0000E-01   1.0000E-04
       1    154    111       3       45    2.0000E+00   1.2455E+02   9.7800E-04   5.0000E-01   1.0000E-04
       1    155    111       3       46    1.0000E+00   1.2455E+02   9.7800E-04   5.0000E-01   1.0000E-04
       1    156    111       4        1    3.0000E+00   1.2454E+02   4.5600E-03   5.0000E-01   1.0000E-04
       1    157    111       4        2    3.0000E+00   1.2453E+02   4.5600E-03   5.0000E-01   1.0000E-04
       1    158    111       4        3    3.0000E+00   1.2452E+02   4.5600E-03   5.0000E-01   1.0000E-04
       1    159    111       4        4    3.0000E+00   1.2451E+02   4.5600E-03   5.0000E-01   1.0000E-04
       1    160    111       4        5    3.0000E+00   1.2451E+02   4.5600E-03   5.0000E-01   1.0000E-04
       1    161    111       4        6    3.0000E+00   1.2450E+02   4.5600E-03   5.0000E-01   1.0000E-04
       1    162    111       4        7    3.0000E+00   1.2449E+02   4.5600E-03   5.0000E-01   1.0000E-04
       1    163    111       4        8    3.0000E+00   1.2448E+02   4.5600E-03   5.0000E-01   1.0000E-04
       1    164    111       4        9    3.0000E+00   1.2447E+02   4.5600E-03   5.0000E-01   1.0000E-04
       1    165    111       4       10    1.0000E+00   1.2446E+02   4.5600E-03   5.0000E-01   1.0000E-04
       1    166    111       5        1    2.0000E+00   1.2446E+02   2.6670E-03   5.0000E-01   1.0000E-04
       1    166    112       5        2    1.0000E+00   1.2446E+02   2.6670E-03   5.0000E-01   1.0000E-04
       1    167    112       5        3    3.0000E+00   1.2446E+02   2.6670E-03   5.0000E-01   1.0000E-04
       1    168    112       5        4    3.0000E+00   1.2446E+02   2.6670E-03   5.0000E-01   1.0000E-04
       1    168    113       5        5    1.0000E+00   1.2446E+02   2.6670E-03   5.0000E-01   1.0000E-04
       1    169    113       5        6    3.0000E+00   1.2446E+02   2.6670E-03   5.0000E-01   1.0000E-04
       1    170    113       5        7    3.0000E+00   1.2445E+02   2.6670E-03   5.0000E-01   1.0000E-04
       1    170    114       5        8    1.0000E+00   1.2445E+02   2.6670E-03   5.0000E-01   1.0000E-04
       1    171    114       5        9    4.0000E+00   1.2445E+02   2.6670E-03   5.0000E-01   1.0000E-04
       1    172    114       5       10    2.0000E+00   1.2445E+02   2.6670E-03   5.0000E-01   1.0000E-04
       1    172    115       5       11    1.0000E+00   1.2445E+02   2.6670E-03   5.0000E-01   1.0000E-04
       1    173    115       5       12    3.0000E+00   1.2445E+02   2.6670E-03   5.0000E-01   1.0000E-04
       1    174    115       5       13    3.0000E+00   1.2445E+02   2.6670E-03   5.0000E-01   1.0000E-04
       1    174    116       5       14    1.0000E+00   1.2444E+02   2.6670E-03   5.0000E-01   1.0000E-04
       1    175    116       5       15    3.0000E+00   1.2444E+02   2.6670E-03   5.0000E-01   1.0000E-04
       1    176    116       5       16    3.0000E+00   1.2444E+02   2.6670E-03   5.0000E-01   1.0000E-04
       1    176    117       5       17    1.0000E+00   1.2444E+02   2.6670E-03   5.0000E-01   1.0000E-04
       1    177    117       5       18    4.0000E+00   1.2444E+02   2.6670E-03   5.0000E-01   1.0000E-04
       1    178    117       5       19    3.0000E+00   1.2444E+02   2.6670E-03   5.0000E-01   1.0000E-04
       1    179    117       5       20    1.0000E+00   1.2444E+02   2.6670E-03   5.0000E-01   1.0000E-04
       1    179    118       5       21    3.0000E+00   1.2444E+02   2.6670E-03   5.0000E-01   1.0000E-04
       1    180    118       5       22    4.0000E+00   1.2443E+02   2.6670E-03   5.0000E-01   1.0000E-04
       1    181    118       5       23    1.0000E+00   1.2443E+02   2.6670E-03   5.0000E-01   1.0000E-04
       1    181    119       5       24    3.0000E+00   1.2443E+02   2.6670E-03   5.0000E-01   1.0000E-04
       1    182    119       5       25    3.0000E+00   1.2443E+02   2.6670E-03   5.0000E-01   1.0000E-04
       1    183    119       5       26    1.0000E+00   1.2443E+02   2.6670E-03   5.0000E-01   1.0000E-04
       1    183    120       5       27    3.0000E+00   1.2443E+02   2.6670E-03   5.0000E-01   1.0000E-04
       1    184    120       5       28    3.0000E+00   1.2443E+02   2.6670E-03   5.0000E-01   1.0000E-04
       1    185    120       5       29    1.0000E+00   1.2442E+02   2.6670E-03   5.0000E-01   1.0000E-04
       1    185    121       5       30    2.0000E+00   1.2442E+02   2.6670E-03   5.0000E-01   1.0000E-04
       1    186    121       5       31    4.0000E+00   1.2442E+02   2.6670E-03   5.0000E-01   1.0000E-04
       1    187    121       5       32    1.0000E+00   1.2442E+02   2.6670E-03   5.0000E-01   1.0000E-04
       1    187    122       5       33    2.0000E+00   1.2442E+02   2.6670E-03   5.0000E-01   1.0000E-04
       1    188    122       5       34    3.0000E+00   1.2442E+02   2.6670E-03   5.0000E-01   1.0000E-04
       1    189    122       5       35    2.0000E+00   1.2442E+02   2.6670E-03   5.0000E-01   1.0000E-04
       1    189    123       5       36    2.0000E+00   1.2442E+02   2.6670E-03   5.0000E-01   1.0000E-04
       1    190    123       5       37    3.0000E+00   1.2441E+02   2.6670E-03   5.0000E-01   1.0000E-04
       1    191    123       5       38    2.0000E+00   1.2441E+02   2.6670E-03   5.0000E-01   1.0000E-04
       1    191    124       5       39    1.0000E+00   1.2441E+02   2.6670E-03   5.0000E-01   1.0000E-04
       1    192    124       5       40    4.0000E+00   1.2441E+02   2.6670E-03   5.0000E-01   1.0000E-04
       1    193    124       5       41    1.0000E+00   1.2441E+02   2.6670E-03   5.0000E-01   1.0000E-04
       1    193    125       5       42    2.0000E+00   1.2441E+02   2.6670E-03   5.0000E-01   1.0000E-04
       1    194    125       5       43    3.0000E+00   1.2441E+02   2.6670E-03   5.0000E-01   1.0000E-04
       1    195    125       5       44    2.0000E+00   1.2440E+02   2.6670E-03   5.0000E-01   1.0000E-04
       1    195    126       5       45    2.0000E+00   1.2440E+02   2.6670E-03   5.0000E-01   1.0000E-04
       1    196    126       5       46    3.0000E+00   1.2440E+02   2.6670E-03   5.0000E-01   1.0000E-04
       1    197    126       5       47    2.0000E+00   1.2440E+02   2.6670E-03   5.0000E-01   1.0000E-04
       1    197    127       5       48    1.0000E+00   1.2440E+02   2.6670E-03   5.0000E-01   1.0000E-04
       1    198    127       5       49    4.0000E+00   1.2440E+02   2.6670E-03   5.0000E-01   1.0000E-04
       1    199    127       5       50    2.0000E+00   1.2440E+02   2.6670E-03   5.0000E-01   1.0000E-04
       1    199    128       5       51    1.0000E+00   1.2440E+02   2.6670E-03   5.0000E-01   1.0000E-04
       1    200    128       5       52    3.0000E+00   1.2439E+02   2.6670E-03   5.0000E-01   1.0000E-04
       1    201    128       5       53    3.0000E+00   1.2439E+02   2.6670E-03   5.0000E-01   1.0000E-04
       1    201    129       5       54    1.0000E+00   1.2439E+02   2.6670E-03   5.0000E-01   1.0000E-04
       1    202    129       5       55    3.0000E+00   1.2439E+02   2.6670E-03   5.0000E-01   1.0000E-04
       1    203    129       5       56    3.0000E+00   1.2439E+02   2.6670E-03   5.0000E-01   1.0000E-04
       1    203    130       5       57    1.0000E+00   1.2439E+02   2.6670E-03   5.0000E-01   1.0000E-04
       1    204    130       5       58    4.0000E+00   1.2439E+02   2.6670E-03   5.0000E-01   1.0000E-04
       1    205    130       5       59    1.0000E+00   1.2439E+02   2.6670E-03   5.0000E-01   1.0000E-04
       1    205    131       6        1    1.0000E+00   1.2438E+02   2.6460E-03   5.0000E-01   1.0000E-04
       1    206    131       6        2    3.0000E+00   1.2438E+02   2.6460E-03   5.0000E-01   1.0000E-04
       1    207    131       6        3    4.0000E+00   1.2438E+02   2.6460E-03   5.0000E-01   1.0000E-04
       1    208    131       6        4    1.0000E+00   1.2438E+02   2.6460E-03   5.0000E-01   1.0000E-04
       1    208    132       6        5    2.0000E+00   1.2437E+02   2.6460E-03   5.0000E-01   1.0000E-04
       1    209    132       6        6    3.0000E+00   1.2437E+02   2.6460E-03   5.0000E-01   1.0000E-04
       1    210    132       6        7    2.0000E+00   1.2437E+02   2.6460E-03   5.0000E-01   1.0000E-04
       1    210    133       6        8    1.0000E+00   1.2437E+02   2.6460E-03   5.0000E-01   1.0000E-04
       1    211    133       6        9    4.0000E+00   1.2437E+02   2.6460E-03   5.0000E-01   1.0000E-04
       1    212    133       6       10    3.0000E+00   1.2436E+02   2.6460E-03   5.0000E-01   1.0000E-04
       1    213    133       6       11    1.0000E+00   1.2436E+02   2.6460E-03   5.0000E-01   1.0000E-04
       1    213    134       6       12    3.0000E+00   1.2436E+02   2.6460E-03   5.0000E-01   1.0000E-04
       1    214    134       6       13    3.0000E+00   1.2436E+02   2.6460E-03   5.0000E-01   1.0000E-04
       1    215    134       6       14    2.0000E+00   1.2436E+02   2.6460E-03   5.0000E-01   1.0000E-04
       1    215    135       6       15    2.0000E+00   1.2435E+02   2.6460E-03   5.0000E-01   1.0000E-04
       1    216    135       6       16    3.0000E+00   1.2435E+02   2.6460E-03   5.0000E-01   1.0000E-04
       1    217    135       6       17    2.0000E+00   1.2435E+02   2.6460E-03   5.0000E-01   1.0000E-04
       1    217    136       6       18    1.0000E+00   1.2435E+02   2.6460E-03   5.0000E-01   1.0000E-04
       1    218    136       6       19    3.0000E+00   1.2435E+02   2.6460E-03   5.0000E-01   1.0000E-04
       1    219    136       6       20    4.0000E+00   1.2434E+02   2.6460E-03   5.0000E-01   1.0000E-04
       1    220    136       6       21    1.0000E+00   1.2434E+02   2.6460E-03   5.0000E-01   1.0000E-04
       1    220    137       6       22    3.0000E+00   1.2434E+02   2.6460E-03   5.0000E-01   1.0000E-04
       1    221    137       6       23    3.0000E+00   1.2434E+02   2.6460E-03   5.0000E-01   1.0000E-04
       1    222    137       6       24    2.0000E+00   1.2434E+02   2.6460E-03   5.0000E-01   1.0000E-04
       1    222    138       6       25    1.0000E+00   1.2433E+02   2.6460E-03   5.0000E-01   1.0000E-04
       1    223    138       6       26    4.0000E+00   1.2433E+02   2.6460E-03   5.0000E-01   1.0000E-04
       1    224    138       6       27    2.0000E+00   1.2433E+02   2.6460E-03   5.0000E-01   1.0000E-04
       1    224    139       6       28    1.0000E+00   1.2433E+02   2.6460E-03   5.0000E-01   1.0000E-04
       1    225    139       6       29    3.0000E+00   1.2433E+02   2.6460E-03   5.0000E-01   1.0000E-04
       1    226    139       6       30    4.0000E+00   1.2432E+02   2.6460E-03   5.0000E-01   1.0000E-04
       1    227    139       6       31    1.0000E+00   1.2432E+02   2.6460E-03   5.0000E-01   1.0000E-04
       1    227    140       6       32    3.0000E+00   1.2432E+02   2.6460E-03   5.0000E-01   1.0000E-04
       1    228    140       6       33    3.0000E+00   1.2432E+02   2.6460E-03   5.0000E-01   1.0000E-04
       1    229    140       6       34    2.0000E+00   1.2432E+02   2.6460E-03   5.0000E-01   1.0000E-04
       1    229    141       6       35    1.0000E+00   1.2431E+02   2.6460E-03   5.0000E-01   1.0000E-04
       1    230    141       6       36    4.0000E+00   1.2431E+02   2.6460E-03   5.0000E-01   1.0000E-04
       1    231    141       6       37    2.0000E+00   1.2431E+02   2.6460E-03   5.0000E-01   1.0000E-04
       1    231    142       6       38    1.0000E+00   1.2431E+02   2.6460E-03   5.0000E-01   1.0000E-04
       1    232    142       6       39    3.0000E+00   1.2431E+02   2.6460E-03   5.0000E-01   1.0000E-04
       1    233    142       6       40    3.0000E+00   1.2430E+02   2.6460E-03   5.0000E-01   1.0000E-04
       1    234    142       7        1    1.0000E+00   1.2430E+02   1.1640E-02   5.0000E-01   1.0000E-04
       1    234    143       7        2    3.0000E+00   1.2430E+02   1.1640E-02   5.0000E-01   1.0000E-04
       1    235    143       7        3    3.0000E+00   1.2429E+02   1.1640E-02   5.0000E-01   1.0000E-04
       1    236    143       7        4    2.0000E+00   1.2428E+02   1.1640E-02   5.0000E-01   1.0000E-04
       1    236    144       7        5    2.0000E+00   1.2428E+02   1.1640E-02   5.0000E-01   1.0000E-04
       1    237    144       7        6    3.0000E+00   1.2427E+02   1.1640E-02   5.0000E-01   1.0000E-04
       1    238    144       7        7    3.0000E+00   1.2426E+02   1.1640E-02   5.0000E-01   1.0000E-04
       1    238    145       7        8    1.0000E+00   1.2426E+02   1.1640E-02   5.0000E-01   1.0000E-04
       1    239    145       7        9    4.0000E+00   1.2425E+02   1.1640E-02   5.0000E-01   1.0000E-04
       1    240    145       7       10    3.0000E+00   1.2425E+02   1.1640E-02   5.0000E-01   1.0000E-04
       1    241    145       7       11    1.0000E+00   1.2424E+02   1.1640E-02   5.0000E-01   1.0000E-04
       1    241    146       7       12    3.0000E+00   1.2424E+02   1.1640E-02   5.0000E-01   1.0000E-04
       1    242    146       7       13    3.0000E+00   1.2423E+02   1.1640E-02   5.0000E-01   1.0000E-04
       1    243    146       7       14    2.0000E+00   1.2422E+02   1.1640E-02   5.0000E-01   1.0000E-04
       1    243    147       7       15    2.0000E+00   1.2422E+02   1.1640E-02   5.0000E-01   1.0000E-04
       1    244    147       7       16    3.0000E+00   1.2421E+02   1.1640E-02   5.0000E-01   1.0000E-04
       1    245    147       7       17    2.0000E+00   1.2420E+02   1.1640E-02   5.0000E-01   1.0000E-04
       1    245    148       7       18    1.0000E+00   1.2420E+02   1.1640E-02   5.0000E-01   1.0000E-04
       1    246    148       7       19    3.0000E+00   1.2420E+02   1.1640E-02   5.0000E-01   1.0000E-04
       1    247    148       7       20    4.0000E+00   1.2419E+02   1.1640E-02   5.0000E-01   1.0000E-04
       1    248    148       7       21    1.0000E+00   1.2418E+02   1.1640E-02   5.0000E-01   1.0000E-04
       1    248    149       7       22    3.0000E+00   1.2418E+02   1.1640E-02   5.0000E-01   1.0000E-04
       1    249    149       7       23    3.0000E+00   1.2417E+02   1.1640E-02   5.0000E-01   1.0000E-04
       1    250    149       7       24    2.0000E+00   1.2416E+02   1.1640E-02   5.0000E-01   1.0000E-04
       1    250    150       7       25    1.0000E+00   1.2416E+02   1.1640E-02   5.0000E-01   1.0000E-04
       1    251    150       7       26    4.0000E+00   1.2415E+02   1.1640E-02   5.0000E-01   1.0000E-04
       1    252    150       7       27    2.0000E+00   1.2415E+02   1.1640E-02   5.0000E-01   1.0000E-04
       1    252    151       7       28    1.0000E+00   1.2414E+02   1.1640E-02   5.0000E-01   1.0000E-04
       1    253    151       7       29    3.0000E+00   1.2414E+02   1.1640E-02   5.0000E-01   1.0000E-04
       1    254    151       7       30    3.0000E+00   1.2413E+02   1.1640E-02   5.0000E-01   1.0000E-04
       1    255    151       7       31    1.0000E+00   1.2412E+02   1.1640E-02   5.0000E-01   1.0000E-04
       1    255    152       7       32    3.0000E+00   1.2412E+02   1.1640E-02   5.0000E-01   1.0000E-04
       1    256    152       7       33    3.0000E+00   1.2411E+02   1.1640E-02   5.0000E-01   1.0000E-04
       1    257    152       7       34    1.0000E+00   1.2410E+02   1.1640E-02   5.0000E-01   1.0000E-04
       1    257    153       7       35    2.0000E+00   1.2410E+02   1.1640E-02   5.0000E-01   1.0000E-04
       1    258    153       7       36    4.0000E+00   1.2409E+02   1.1640E-02   5.0000E-01   1.0000E-04
       1    259    153       7       37    2.0000E+00   1.2409E+02   1.1640E-02   5.0000E-01   1.0000E-04
       1    259    154       7       38    1.0000E+00   1.2408E+02   1.1640E-02   5.0000E-01   1.0000E-04
       1    260    154       7       39    3.0000E+00   1.2408E+02   1.1640E-02   5.0000E-01   1.0000E-04
       1    261    154       7       40    3.0000E+00   1.2407E+02   1.1640E-02   5.0000E-01   1.0000E-04
       1    262    154       7       41    1.0000E+00   1.2406E+02   1.1640E-02   5.0000E-01   1.0000E-04
       1    262    155       7       42    3.0000E+00   1.2406E+02   1.1640E-02   5.0000E-01   1.0000E-04
       1    263    155       7       43    3.0000E+00   1.2405E+02   1.1640E-02   5.0000E-01   1.0000E-04
       1    264    155       7       44    1.0000E+00   1.2405E+02   1.1640E-02   5.0000E-01   1.0000E-04
       1    264    156       7       45    2.0000E+00   1.2404E+02   1.1640E-02   5.0000E-01   1.0000E-04
       1    265    156       7       46    3.0000E+00   1.2403E+02   1.1640E-02   5.0000E-01   1.0000E-04
       1    266    156       7       47    3.0000E+00   1.2403E+02   1.1640E-02   5.0000E-01   1.0000E-04
       1    266    157       7       48    1.0000E+00   1.2402E+02   1.1640E-02   5.0000E-01   1.0000E-04
       1    267    157       7       49    1.0000E+00   1.2402E+02   1.1640E-02   5.0000E-01   1.0000E-04




 LAK7 -- LAKE PACKAGE, VERSION 7, 1/07/2013 INPUT READ FROM UNIT 14
 No named parameters
 Model grid will be used to develop 
 volume and area relationship. 
 SPACE ALLOCATION FOR  62916 GRID CELL FACES ADJACENT TOLAKES
 MAXIMUM NUMBER OF LAKES IS  1 FOR THIS SIMULATION
 CELL-BY-CELL FLOWS WILL BE RECORDED ON UNIT   50


 NEWTON ITERATION METHOD FOR COMPUTING LAKE STAGE DURING STEADY-STATE STRESS PERIODS HAS BEEN MODIFIED:
 SPECIFIED THETA OF  0.000 WILL BE AUTOMATICALLY CHANGED TO 1.0 FOR ALL STEADY STATE STRESS PERIODS.
 MAXIMUM NUMBER OF STEADY-STATE ITERATIONS (NSSITR) =    10
 CLOSURE CRITERIA FOR STEADY-STATE LAKE STAGE (SSCNCR) = 1.000000E-03



 PCG -- CONJUGATE-GRADIENT SOLUTION PACKAGE, VERSION 7, 5/2/2005
 MAXIMUM OF    100 CALLS OF SOLUTION ROUTINE
 MAXIMUM OF     25 INTERNAL ITERATIONS PER CALL TO SOLUTION ROUTINE
 MATRIX PRECONDITIONING TYPE :    1



                                    SOLUTION BY THE CONJUGATE-GRADIENT METHOD
                                   -------------------------------------------
                    MAXIMUM NUMBER OF CALLS TO PCG ROUTINE =      100
                        MAXIMUM ITERATIONS PER CALL TO PCG =       25
                               MATRIX PRECONDITIONING TYPE =        1
        RELAXATION FACTOR (ONLY USED WITH PRECOND. TYPE 1) =    0.10000E+01
 PARAMETER OF POLYNOMIAL PRECOND. = 2 (2) OR IS CALCULATED :        2
                         HEAD CHANGE CRITERION FOR CLOSURE =    0.10000E-03
                     RESIDUAL CHANGE CRITERION FOR CLOSURE =    0.10000E+01
            PCG HEAD AND RESIDUAL CHANGE PRINTOUT INTERVAL =        5
     PRINTING FROM SOLVER IS LIMITED(1) OR SUPPRESSED (>1) =        0
                            STEADY-STATE DAMPING PARAMETER =    0.10000E+01
                               TRANSIENT DAMPING PARAMETER =    0.10000E+01
1
                            STRESS PERIOD NO.    1, LENGTH =   10.00000    
                            -----------------------------------------------

                              NUMBER OF TIME STEPS =     1

                               MULTIPLIER FOR DELT =     1.200

                            INITIAL TIME STEP SIZE =   10.00000    



                           RECHARGE
 READING ON UNIT   18 WITH FORMAT: (10e12.4)           



 CLASSIFICATION & COUNT OF STREAM SEGMENTS BASED ON SOURCE OF INFLOW:

                HEADWATER     DIVERSION     RECEIVES TRIBUTARY FLOW
                ---------     ---------     -----------------------
                     0              1               6



                    INPUT DATA FOR EACH STREAM SEGMENT
 ---------------------------------------------------------------------------------------------

 SEGMENT    SEG.     INFLOW   OVERLAND   STREAM    STREAM   ICALC  OUTFLOW  DIVERSION PRIORITY
    NO.    LENGTH     RATE     RUNOFF      ET       PPT.    METH.  TO SEG.  FROM SEG.    NO.

      1  1.440E+02 0.000E+00 0.000E+00 0.000E+00 0.000E+00    1        2       -1        0
      2  1.170E+02 0.000E+00 0.000E+00 0.000E+00 0.000E+00    2        3        0        0
      3  1.060E+02 0.000E+00 0.000E+00 0.000E+00 0.000E+00    2        4        0        0
      4  2.800E+01 0.000E+00 0.000E+00 0.000E+00 0.000E+00    2        5        0        0
      5  1.360E+02 0.000E+00 0.000E+00 0.000E+00 0.000E+00    2        6        0        0
      6  9.500E+01 0.000E+00 0.000E+00 0.000E+00 0.000E+00    2        7        0        0
      7  1.130E+02 0.000E+00 0.000E+00 0.000E+00 0.000E+00    2        0        0        0


         STREAMBED PROPERTIES AND STREAM DIMENSIONS

 SEGMENT     WIDTH OF STREAM     DEPTH OF STREAM    STREAM ROUGHNESS
    No.     UPPER     LOWER     UPPER     LOWER     CHANNEL      BANK

     1    7.820E+00 4.360E+00                      8.000E-02
     2                                         8.000E-02 8.000E-02
     3                                         8.000E-02 8.000E-02
     4                                         8.000E-02 8.000E-02
     5                                         8.000E-02 8.000E-02
     6                                         8.000E-02 8.000E-02
     7                                         8.000E-02 8.000E-02

  EIGHT POINT CROSS-SECTION DATA FOR SEGMENTS WITH ICALC = 2
    X VALUES X VALUES START FROM LEFT SIDE LOOKING DOWNSTREAM

     SEGMENT NO.        X1        X2        X3        X4        X5        X6        X7        X8
            2      0.000E+00 7.300E-01 1.030E+00 1.930E+00 2.430E+00 3.330E+00 3.630E+00 4.360E+00
            3      0.000E+00 5.600E-01 8.600E-01 1.360E+00 1.780E+00 2.280E+00 2.580E+00 3.140E+00
            4      0.000E+00 6.000E-01 1.200E+00 1.430E+00 1.650E+00 1.880E+00 2.480E+00 3.080E+00
            5      0.000E+00 8.000E-01 1.000E+00 1.350E+00 1.730E+00 2.080E+00 2.280E+00 3.080E+00
            6      0.000E+00 5.500E-01 7.500E-01 1.480E+00 1.570E+00 2.300E+00 2.500E+00 3.050E+00
            7      0.000E+00 5.300E-01 7.300E-01 1.220E+00 1.320E+00 1.800E+00 2.000E+00 2.540E+00

    Z VALUES ARE RELATIVE TO STREAMBED ELEVATION

     SEGMENT NO.          Z1        Z2        Z3        Z4        Z5        Z6        Z7        Z8
            2      5.500E-01 2.100E-01 5.000E-02 0.000E+00 0.000E+00 5.000E-02 2.100E-01 5.500E-01
            3      5.400E-01 1.400E-01 4.000E-02 0.000E+00 0.000E+00 4.000E-02 1.400E-01 5.400E-01
            4      4.800E-01 8.000E-02 2.000E-02 0.000E+00 0.000E+00 2.000E-02 8.000E-02 4.800E-01
            5      5.000E-01 1.000E-01 7.000E-02 0.000E+00 0.000E+00 7.000E-02 1.000E-01 5.000E-01
            6      6.000E-01 1.600E-01 1.000E-01 0.000E+00 0.000E+00 1.000E-01 1.600E-01 6.000E-01
            7      3.900E-01 7.000E-02 5.000E-02 0.000E+00 0.000E+00 5.000E-02 7.000E-02 3.900E-01





 LAKE PACKAGE ACTIVE:  CALCULATED LAKE STAGE FOR EACH TIME STEP WILL BE STORED IN HNEW ARRAY.



 INITIAL LAKE STAGE:  LAKE    STAGE    SS MIN    SS MAX

                        1   124.291   123.460   124.491




 If any subsequent steady-state stress periods, min. and max. stages for each lake will be read in Record 9a.





                      LAKE ID ARRAY FOR LAYER   1
 READING ON UNIT   14 WITH FORMAT: (25I3)              

            LAKE ID ARRAY =              0 FOR LAYER   2







             LAKEBED LEAKANCE ARRAY FOR LAYER   1
 READING ON UNIT   14 WITH FORMAT: (10e12.4)           

   LAKEBED LEAKANCE ARRAY =   0.00000     FOR LAYER   2

       LOCATIONS, LAKE #, INTERFACE TYPE FOR GRID CELLS ADJACENT TO LAKES:
     -----------------------------------------------------------------------
     LAYER #    ROW #    COLUMN #   LAKE #  INTERFACE TYPE  LAKEBED LEAKANCE
         1        46        48         1         2             2.000E-03
         1        45        49         1         3             2.000E-03
         2        46        49         1         6             2.000E-03
         1        47        49         1         2             2.000E-03
         1        47        49         1         4             2.000E-03
         1        48        49         1         2             2.000E-03
         1        45        50         1         2             2.000E-03
         1        45        50         1         3             2.000E-03
         2        46        50         1         6             2.000E-03
         2        47        50         1         6             2.000E-03
         2        48        50         1         6             2.000E-03
         1        49        50         1         2             2.000E-03
         1        49        50         1         4             2.000E-03
         1        50        50         1         2             2.000E-03
         1        44        51         1         3             2.000E-03
         2        45        51         1         6             2.000E-03
         2        46        51         1         6             2.000E-03
         2        47        51         1         6             2.000E-03
         2        48        51         1         6             2.000E-03
         2        49        51         1         6             2.000E-03
         2        50        51         1         6             2.000E-03
         1        51        51         1         2             2.000E-03
         1        51        51         1         4             2.000E-03
         1        45        52         1         1             2.000E-03
         1        46        52         1         1             2.000E-03
         1        46        52         1         3             2.000E-03
         2        47        52         1         6             2.000E-03
         2        48        52         1         6             2.000E-03
         2        49        52         1         6             2.000E-03
         2        50        52         1         6             2.000E-03
         2        51        52         1         6             2.000E-03
         1        52        52         1         2             2.000E-03
         1        52        52         1         4             2.000E-03
         1        47        53         1         1             2.000E-03
         1        48        53         1         1             2.000E-03
         1        48        53         1         3             2.000E-03
         2        49        53         1         6             2.000E-03
         2        50        53         1         6             2.000E-03
         2        51        53         1         6             2.000E-03
         2        52        53         1         6             2.000E-03
         1        53        53         1         4             2.000E-03
         1        49        54         1         1             2.000E-03
         1        50        54         1         1             2.000E-03
         1        50        54         1         3             2.000E-03
         2        51        54         1         6             2.000E-03
         1        52        54         1         1             2.000E-03
         1        52        54         1         4             2.000E-03
         1        51        55         1         1             2.000E-03

     NUMBER OF LAKE-AQUIFER CELL INTERFACES =    48


 STAGE/VOLUME RELATION FOR LAKE  1

      STAGE        VOLUME        AREA

   1.23460E+02   0.00000E+00   1.80000E+02
   1.23727E+02   4.80000E+01   1.80000E+02
   1.23993E+02   9.60000E+01   1.80000E+02
   1.24260E+02   1.44000E+02   1.80000E+02
   1.24527E+02   1.92000E+02   1.80000E+02
   1.24793E+02   2.40000E+02   1.80000E+02
   1.25060E+02   2.88000E+02   1.80000E+02
   1.25327E+02   3.36000E+02   1.80000E+02
   1.25593E+02   3.84000E+02   1.80000E+02
   1.25860E+02   4.32000E+02   1.80000E+02
   1.26127E+02   4.80000E+02   1.80000E+02
   1.26393E+02   5.28000E+02   1.80000E+02
   1.26660E+02   5.76000E+02   1.80000E+02
   1.26927E+02   6.24000E+02   1.80000E+02
   1.27193E+02   6.72000E+02   1.80000E+02
   1.27460E+02   7.20000E+02   1.80000E+02
   1.27727E+02   7.68000E+02   1.80000E+02
   1.27993E+02   8.16000E+02   1.80000E+02
   1.28260E+02   8.64000E+02   1.80000E+02
   1.28527E+02   9.12000E+02   1.80000E+02
   1.28793E+02   9.60000E+02   1.80000E+02
   1.29060E+02   1.00800E+03   1.80000E+02
   1.29327E+02   1.05600E+03   1.80000E+02
   1.29593E+02   1.10400E+03   1.80000E+02
   1.29860E+02   1.15200E+03   1.80000E+02
   1.30127E+02   1.20000E+03   1.80000E+02
   1.30393E+02   1.24800E+03   1.80000E+02
   1.30660E+02   1.29600E+03   1.80000E+02
   1.30927E+02   1.34400E+03   1.80000E+02
   1.31193E+02   1.39200E+03   1.80000E+02
   1.31460E+02   1.44000E+03   1.80000E+02
   1.31727E+02   1.48800E+03   1.80000E+02
   1.31993E+02   1.53600E+03   1.80000E+02
   1.32260E+02   1.58400E+03   1.80000E+02
   1.32527E+02   1.63200E+03   1.80000E+02
   1.32793E+02   1.68000E+03   1.80000E+02
   1.33060E+02   1.72800E+03   1.80000E+02
   1.33327E+02   1.77600E+03   1.80000E+02
   1.33593E+02   1.82400E+03   1.80000E+02
   1.33860E+02   1.87200E+03   1.80000E+02
   1.34127E+02   1.92000E+03   1.80000E+02
   1.34393E+02   1.96800E+03   1.80000E+02
   1.34660E+02   2.01600E+03   1.80000E+02
   1.34927E+02   2.06400E+03   1.80000E+02
   1.35193E+02   2.11200E+03   1.80000E+02
   1.35460E+02   2.16000E+03   1.80000E+02
   1.35727E+02   2.20800E+03   1.80000E+02
   1.35993E+02   2.25600E+03   1.80000E+02
   1.36260E+02   2.30400E+03   1.80000E+02
   1.36527E+02   2.35200E+03   1.80000E+02
   1.36793E+02   2.40000E+03   1.80000E+02
   1.37060E+02   2.44800E+03   1.80000E+02
   1.37327E+02   2.49600E+03   1.80000E+02
   1.37593E+02   2.54400E+03   1.80000E+02
   1.37860E+02   2.59200E+03   1.80000E+02
   1.38127E+02   2.64000E+03   1.80000E+02
   1.38393E+02   2.68800E+03   1.80000E+02
   1.38660E+02   2.73600E+03   1.80000E+02
   1.38927E+02   2.78400E+03   1.80000E+02
   1.39193E+02   2.83200E+03   1.80000E+02
   1.39460E+02   2.88000E+03   1.80000E+02
   1.39727E+02   2.92800E+03   1.80000E+02
   1.39993E+02   2.97600E+03   1.80000E+02
   1.40260E+02   3.02400E+03   1.80000E+02
   1.40527E+02   3.07200E+03   1.80000E+02
   1.40793E+02   3.12000E+03   1.80000E+02
   1.41060E+02   3.16800E+03   1.80000E+02
   1.41327E+02   3.21600E+03   1.80000E+02
   1.41593E+02   3.26400E+03   1.80000E+02
   1.41860E+02   3.31200E+03   1.80000E+02
   1.42127E+02   3.36000E+03   1.80000E+02
   1.42393E+02   3.40800E+03   1.80000E+02
   1.42660E+02   3.45600E+03   1.80000E+02
   1.42926E+02   3.50400E+03   1.80000E+02
   1.43193E+02   3.55200E+03   1.80000E+02
   1.43460E+02   3.60000E+03   1.80000E+02
   1.43726E+02   3.64800E+03   1.80000E+02
   1.43993E+02   3.69600E+03   1.80000E+02
   1.44260E+02   3.74400E+03   1.80000E+02
   1.44526E+02   3.79200E+03   1.80000E+02
   1.44793E+02   3.84000E+03   1.80000E+02
   1.45060E+02   3.88800E+03   1.80000E+02
   1.45326E+02   3.93600E+03   1.80000E+02
   1.45593E+02   3.98400E+03   1.80000E+02
   1.45860E+02   4.03200E+03   1.80000E+02
   1.46126E+02   4.08000E+03   1.80000E+02
   1.46393E+02   4.12800E+03   1.80000E+02
   1.46660E+02   4.17600E+03   1.80000E+02
   1.46926E+02   4.22400E+03   1.80000E+02
   1.47193E+02   4.27200E+03   1.80000E+02
   1.47460E+02   4.32000E+03   1.80000E+02
   1.47726E+02   4.36800E+03   1.80000E+02
   1.47993E+02   4.41600E+03   1.80000E+02
   1.48260E+02   4.46400E+03   1.80000E+02
   1.48526E+02   4.51200E+03   1.80000E+02
   1.48793E+02   4.56000E+03   1.80000E+02
   1.49060E+02   4.60800E+03   1.80000E+02
   1.49326E+02   4.65600E+03   1.80000E+02
   1.49593E+02   4.70400E+03   1.80000E+02
   1.49860E+02   4.75200E+03   1.80000E+02
   1.50126E+02   4.80000E+03   1.80000E+02
   1.50393E+02   4.84800E+03   1.80000E+02
   1.50660E+02   4.89600E+03   1.80000E+02
   1.50926E+02   4.94400E+03   1.80000E+02
   1.51193E+02   4.99200E+03   1.80000E+02
   1.51460E+02   5.04000E+03   1.80000E+02
   1.51726E+02   5.08800E+03   1.80000E+02
   1.51993E+02   5.13600E+03   1.80000E+02
   1.52260E+02   5.18400E+03   1.80000E+02
   1.52526E+02   5.23200E+03   1.80000E+02
   1.52793E+02   5.28000E+03   1.80000E+02
   1.53060E+02   5.32800E+03   1.80000E+02
   1.53326E+02   5.37600E+03   1.80000E+02
   1.53593E+02   5.42400E+03   1.80000E+02
   1.53860E+02   5.47200E+03   1.80000E+02
   1.54126E+02   5.52000E+03   1.80000E+02
   1.54393E+02   5.56800E+03   1.80000E+02
   1.54660E+02   5.61600E+03   1.80000E+02
   1.54926E+02   5.66400E+03   1.80000E+02
   1.55193E+02   5.71200E+03   1.80000E+02
   1.55460E+02   5.76000E+03   1.80000E+02
   1.55726E+02   5.80800E+03   1.80000E+02
   1.55993E+02   5.85600E+03   1.80000E+02
   1.56260E+02   5.90400E+03   1.80000E+02
   1.56526E+02   5.95200E+03   1.80000E+02
   1.56793E+02   6.00000E+03   1.80000E+02
   1.57060E+02   6.04800E+03   1.80000E+02
   1.57326E+02   6.09600E+03   1.80000E+02
   1.57593E+02   6.14400E+03   1.80000E+02
   1.57860E+02   6.19200E+03   1.80000E+02
   1.58126E+02   6.24000E+03   1.80000E+02
   1.58393E+02   6.28800E+03   1.80000E+02
   1.58660E+02   6.33600E+03   1.80000E+02
   1.58926E+02   6.38400E+03   1.80000E+02
   1.59193E+02   6.43200E+03   1.80000E+02
   1.59460E+02   6.48000E+03   1.80000E+02
   1.59726E+02   6.52800E+03   1.80000E+02
   1.59993E+02   6.57600E+03   1.80000E+02
   1.60260E+02   6.62400E+03   1.80000E+02
   1.60526E+02   6.67200E+03   1.80000E+02
   1.60793E+02   6.72000E+03   1.80000E+02
   1.61060E+02   6.76800E+03   1.80000E+02
   1.61326E+02   6.81600E+03   1.80000E+02
   1.61593E+02   6.86400E+03   1.80000E+02
   1.61860E+02   6.91200E+03   1.80000E+02
   1.62126E+02   6.96000E+03   1.80000E+02
   1.62393E+02   7.00800E+03   1.80000E+02
   1.62660E+02   7.05600E+03   1.80000E+02
   1.62926E+02   7.10400E+03   1.80000E+02
   1.63193E+02   7.15200E+03   1.80000E+02
   1.63460E+02   7.20000E+03   1.80000E+02


 NUMBER OF CONNECTED LAKE SYSTEMS IN SIMULATION IS   0

 LAKE       PRECIP     EVAP     RUNOFF   WITHDRAW   BOTTOM     AREA
----------------------------------------------------------------------
   1     5.178E-08 0.000E+00 0.000E+00  0.000E+00 1.235E+02 1.800E+02




         C               INTERFACE CONDUCTANCES BETWEEN LAKE AND AQUIFER CELLS
   L     O          (IF TYPE = 6, CONDUCTANCE (L^2/T) IS BETWEEN AQUIFER CELL AND OVERLYING LAKE CELL.)
   A     L  L  T    (IF TYPE = 1 TO 4, CONDUCTANCES ARE PER UNIT SATURATED THICKNESS (L/T).)
   Y  R  U  A  Y
   E  O  M  K  P                        LAKEBED      C O N D U C T A N C E S
   R  W  N  E  E     DELTA Y   DELTA X  LEAKANCE   LAKEBED   AQUIFER  COMBINED
 _______________________________________________________________________________
   1 46 48  1  2    3.00E+00  3.00E+00  2.00E-03  6.00E-03  9.02E-03  3.603E-03
   1 45 49  1  3    3.00E+00  3.00E+00  2.00E-03  6.00E-03  9.02E-03  3.603E-03
   2 46 49  1  6    3.00E+00  3.00E+00  2.00E-03  1.80E-02  2.28E-04  2.252E-04
   1 47 49  1  2    2.84E+00  3.00E+00  2.00E-03  5.68E-03  8.54E-03  3.412E-03
   1 47 49  1  4    2.84E+00  3.00E+00  2.00E-03  6.00E-03  9.53E-03  3.681E-03
   1 48 49  1  2    3.16E+00  3.00E+00  2.00E-03  6.32E-03  9.50E-03  3.794E-03
   1 45 50  1  2    3.00E+00  3.00E+00  2.00E-03  6.00E-03  9.02E-03  3.603E-03
   1 45 50  1  3    3.00E+00  3.00E+00  2.00E-03  6.00E-03  9.02E-03  3.603E-03
   2 46 50  1  6    3.00E+00  3.00E+00  2.00E-03  1.80E-02  2.28E-04  2.252E-04
   2 47 50  1  6    2.84E+00  3.00E+00  2.00E-03  1.70E-02  2.16E-04  2.132E-04
   2 48 50  1  6    3.16E+00  3.00E+00  2.00E-03  1.90E-02  2.40E-04  2.370E-04
   1 49 50  1  2    3.00E+00  3.00E+00  2.00E-03  6.00E-03  9.02E-03  3.603E-03
   1 49 50  1  4    3.00E+00  3.00E+00  2.00E-03  6.00E-03  9.02E-03  3.603E-03
   1 50 50  1  2    3.00E+00  3.00E+00  2.00E-03  6.00E-03  9.02E-03  3.603E-03
   1 44 51  1  3    3.00E+00  3.00E+00  2.00E-03  6.00E-03  9.02E-03  3.603E-03
   2 45 51  1  6    3.00E+00  3.00E+00  2.00E-03  1.80E-02  2.28E-04  2.252E-04
   2 46 51  1  6    3.00E+00  3.00E+00  2.00E-03  1.80E-02  2.28E-04  2.252E-04
   2 47 51  1  6    2.84E+00  3.00E+00  2.00E-03  1.70E-02  2.16E-04  2.132E-04
   2 48 51  1  6    3.16E+00  3.00E+00  2.00E-03  1.90E-02  2.40E-04  2.370E-04
   2 49 51  1  6    3.00E+00  3.00E+00  2.00E-03  1.80E-02  2.28E-04  2.250E-04
   2 50 51  1  6    3.00E+00  3.00E+00  2.00E-03  1.80E-02  2.28E-04  2.250E-04
   1 51 51  1  2    3.00E+00  3.00E+00  2.00E-03  6.00E-03  9.02E-03  3.603E-03
   1 51 51  1  4    3.00E+00  3.00E+00  2.00E-03  6.00E-03  9.02E-03  3.603E-03
   1 45 52  1  1    3.00E+00  3.00E+00  2.00E-03  6.00E-03  9.02E-03  3.603E-03
   1 46 52  1  1    3.00E+00  3.00E+00  2.00E-03  6.00E-03  9.02E-03  3.603E-03
   1 46 52  1  3    3.00E+00  3.00E+00  2.00E-03  6.00E-03  9.02E-03  3.603E-03
   2 47 52  1  6    2.84E+00  3.00E+00  2.00E-03  1.70E-02  2.16E-04  2.132E-04
   2 48 52  1  6    3.16E+00  3.00E+00  2.00E-03  1.90E-02  2.40E-04  2.370E-04
   2 49 52  1  6    3.00E+00  3.00E+00  2.00E-03  1.80E-02  2.28E-04  2.250E-04
   2 50 52  1  6    3.00E+00  3.00E+00  2.00E-03  1.80E-02  2.28E-04  2.250E-04
   2 51 52  1  6    3.00E+00  3.00E+00  2.00E-03  1.80E-02  2.28E-04  2.249E-04
   1 52 52  1  2    3.00E+00  3.00E+00  2.00E-03  6.00E-03  9.02E-03  3.603E-03
   1 52 52  1  4    3.00E+00  3.00E+00  2.00E-03  6.00E-03  9.02E-03  3.603E-03
   1 47 53  1  1    2.84E+00  3.00E+00  2.00E-03  5.68E-03  8.54E-03  3.412E-03
   1 48 53  1  1    3.16E+00  3.00E+00  2.00E-03  6.32E-03  9.50E-03  3.794E-03
   1 48 53  1  3    3.16E+00  3.00E+00  2.00E-03  6.00E-03  8.57E-03  3.529E-03
   2 49 53  1  6    3.00E+00  3.00E+00  2.00E-03  1.80E-02  2.28E-04  2.250E-04
   2 50 53  1  6    3.00E+00  3.00E+00  2.00E-03  1.80E-02  2.28E-04  2.249E-04
   2 51 53  1  6    3.00E+00  3.00E+00  2.00E-03  1.80E-02  2.28E-04  2.249E-04
   2 52 53  1  6    3.00E+00  3.00E+00  2.00E-03  1.80E-02  2.28E-04  2.249E-04
   1 53 53  1  4    3.00E+00  3.00E+00  2.00E-03  6.00E-03  9.02E-03  3.603E-03
   1 49 54  1  1    3.00E+00  3.00E+00  2.00E-03  6.00E-03  9.02E-03  3.603E-03
   1 50 54  1  1    3.00E+00  3.00E+00  2.00E-03  6.00E-03  9.02E-03  3.603E-03
   1 50 54  1  3    3.00E+00  3.00E+00  2.00E-03  6.00E-03  9.02E-03  3.603E-03
   2 51 54  1  6    3.00E+00  3.00E+00  2.00E-03  1.80E-02  2.28E-04  2.249E-04
   1 52 54  1  1    3.00E+00  3.00E+00  2.00E-03  6.00E-03  9.02E-03  3.603E-03
   1 52 54  1  4    3.00E+00  3.00E+00  2.00E-03  6.00E-03  9.02E-03  3.603E-03
   1 51 55  1  1    3.00E+00  3.00E+00  2.00E-03  6.00E-03  9.02E-03  3.603E-03
      LAKE     INFLOWING STREAM SEGMENT

 MAXIMUM NUMBER OF STREAMS INFLOWING TO A LAKE IS    0

      LAKE     OUTFLOWING STREAM SEGMENT
         1                  1

 MAXIMUM NUMBER OF STREAMS OUTFLOWING FROM A LAKE IS    1

 
 SOLVING FOR HEAD 


    10 CALLS TO PCG ROUTINE FOR TIME STEP   1 IN STRESS PERIOD    1
   183 TOTAL ITERATIONS

 MAXIMUM HEAD CHANGE FOR EACH ITERATION (1 INDICATES THE FIRST INNER ITERATION):

    HEAD CHANGE    HEAD CHANGE    HEAD CHANGE    HEAD CHANGE    HEAD CHANGE 
   LAYER,ROW,COL  LAYER,ROW,COL  LAYER,ROW,COL  LAYER,ROW,COL  LAYER,ROW,COL
 ---------------------------------------------------------------------------
  1  -4.141      0  -4.997      0  -5.453      0   3.849      0   3.641    
   (  2,102,195)  (  1,117,194)  (  1,113,192)  (  1, 62,193)  (  1, 52,191)
  0   2.646      0   1.955      0   1.293      0  0.9161      0 -0.9307    
   (  1, 62,190)  (  1, 52,188)  (  1,203,194)  (  1,209,193)  (  1, 93,187)
  0 -0.7561      0  0.7908      0 -0.6193      0  0.6310      0  0.5453    
   (  1, 94,185)  (  2,150, 37)  (  2,159, 37)  (  2,165,191)  (  1,106,181)
  0  0.3692      0 -0.3542      0 -0.3112      0 -0.2395      0 -0.1962    
   (  1,106,179)  (  1,317, 43)  (  1,316, 42)  (  1, 40,177)  (  1, 42,184)
  0 -0.1644      0 -0.1303      0 -0.9597E-01  0 -0.7162E-01  0 -0.5478E-01
   (  1, 42,182)  (  1, 42,180)  (  1, 42,178)  (  1, 42,176)  (  1,315, 43)
  1  0.5364E-01  0  0.7317E-01  0  0.9040E-01  0  0.9340E-01  0  0.8476E-01
   (  2,154, 50)  (  1, 96,176)  (  1,103, 82)  (  1,103, 82)  (  1,128,161)
  0  0.5976E-01  0  0.4523E-01  0  0.3905E-01  0  0.2957E-01  0  0.2682E-01
   (  2, 38,101)  (  1,110, 86)  (  1,316, 43)  (  1,172,148)  (  1,177,150)
  0  0.2252E-01  0  0.1533E-01  0  0.1487E-01  0  0.1087E-01  0  0.1146E-01
   (  2,154, 90)  (  2, 96,124)  (  2,226, 39)  (  1,111,170)  (  1, 62,182)
  0 -0.8712E-02  0  0.1011E-01  0 -0.6653E-02  0 -0.8419E-02  0 -0.4482E-02
   (  1, 56, 45)  (  1,193,188)  (  1, 54, 46)  (  1,117,187)  (  1, 41, 58)
  0  0.4649E-02  0  0.4075E-02  0  0.3630E-02  0  0.3763E-02  0 -0.2019E-02
   (  1, 42,186)  (  1,113,190)  (  1,121,191)  (  1, 88,192)  (  1, 39, 40)
  1 -0.2908      0 -0.1170      0 -0.6694E-01  0 -0.3775E-01  0 -0.2370E-01
   (  1,110, 86)  (  1,110, 86)  (  1, 92,107)  (  2,116, 92)  (  1, 71,172)
  0 -0.2110E-01  0 -0.2310E-01  0 -0.2461E-01  0 -0.2177E-01  0 -0.1382E-01
   (  1,112, 75)  (  1, 89,143)  (  2,141, 86)  (  1,143, 65)  (  1, 52, 43)
  0 -0.1194E-01  0 -0.8371E-02  0 -0.6323E-02  0  0.6123E-02  0  0.4771E-02
   (  1, 48, 42)  (  1, 81, 52)  (  1, 81, 55)  (  1, 56, 44)  (  1, 54, 44)
  0  0.3004E-02  0  0.2556E-02  0 -0.2102E-02  0  0.1689E-02  0 -0.1964E-02
   (  2,178, 43)  (  1,249,160)  (  1, 63, 50)  (  1, 39, 41)  (  1,108, 62)
  0 -0.1523E-02  0 -0.1370E-02  0  0.8568E-03  0 -0.9671E-03  0 -0.6677E-03
   (  1, 96, 54)  (  2,162, 42)  (  2, 42,183)  (  1, 47,121)  (  2,110,184)
  1 -0.7261E-01  0 -0.4389E-01  0 -0.2400E-01  0 -0.1454E-01  0 -0.9474E-02
   (  1,223,137)  (  1,223,138)  (  1,225,139)  (  2,198,164)  (  1,139, 53)
  0 -0.9147E-02  0 -0.6459E-02  0 -0.6023E-02  0 -0.5862E-02  0 -0.4622E-02
   (  1,118, 53)  (  1, 63, 40)  (  2,114,115)  (  1, 97,143)  (  2,133,163)
  0 -0.3792E-02  0 -0.2927E-02  0 -0.2236E-02  0 -0.2036E-02  0  0.1278E-02
   (  1,148, 87)  (  1,109, 69)  (  2,193, 69)  (  2,153, 79)  (  1, 79, 43)
  0  0.9712E-03  0 -0.9136E-03  0  0.7406E-03  0 -0.6475E-03  0 -0.7262E-03
   (  1, 42, 37)  (  2,179, 75)  (  1,252,160)  (  1,131, 66)  (  1,115, 63)
  0 -0.4565E-03  0  0.3763E-03  0  0.3537E-03  0 -0.2646E-03  0 -0.3212E-03
   (  2,142, 53)  (  2,202,107)  (  1,224,105)  (  1,110, 52)  (  2,200, 41)
  1 -0.3141E-01  0 -0.1511E-01  0 -0.8705E-02  0 -0.6180E-02  0 -0.4990E-02
   (  1,226,139)  (  2,205, 43)  (  1,225,139)  (  1, 98,110)  (  1,127, 52)
  0 -0.3803E-02  0 -0.2925E-02  0 -0.2378E-02  0 -0.2556E-02  0 -0.1842E-02
   (  1,242, 77)  (  1, 70, 43)  (  2,115,116)  (  1,142,148)  (  1,148,146)
  0 -0.1430E-02  0 -0.9958E-03  0 -0.1153E-02  0 -0.7561E-03  0  0.5480E-03
   (  2,168, 74)  (  1,107, 71)  (  1, 86, 59)  (  2, 79,128)  (  2, 40, 90)
  0  0.4196E-03  0 -0.4017E-03  0 -0.3183E-03  0 -0.3395E-03  0 -0.2235E-03
   (  1, 72, 43)  (  2,204, 60)  (  2,164, 58)  (  1,119, 62)  (  1,114, 64)
  0 -0.2683E-03  0 -0.1555E-03  0 -0.1172E-03  0 -0.1311E-03  0 -0.9233E-04
   (  2,123, 55)  (  2,165, 42)  (  1,185, 48)  (  1,112, 56)  (  1,134, 51)
  1 -0.1212E-01  0 -0.6141E-02  0 -0.3552E-02  0 -0.2206E-02  0 -0.1809E-02
   (  1,228,140)  (  1,227,140)  (  1,225,139)  (  2,196,164)  (  1,123, 49)
  0 -0.1473E-02  0 -0.1111E-02  0 -0.9199E-03  0 -0.8707E-03  0 -0.8493E-03
   (  1,123, 57)  (  1,254, 94)  (  1,129,161)  (  2, 92,151)  (  1,153,153)
  0 -0.6416E-03  0 -0.4754E-03  0 -0.4262E-03  0 -0.3541E-03  0 -0.2015E-03
   (  2,100,132)  (  1,122, 77)  (  1, 88, 59)  (  2,181, 82)  (  2,122, 73)
  0  0.1612E-03  0 -0.1334E-03  0 -0.1364E-03  0 -0.1337E-03  0 -0.8377E-04
   (  2, 41, 36)  (  2,133, 72)  (  1,230, 62)  (  1,123, 62)  (  2,156, 47)
  1 -0.3280E-02  0 -0.3468E-02  0 -0.1693E-02  0 -0.1081E-02  0 -0.9473E-03
   (  1,226,139)  (  1,227,140)  (  1,227,140)  (  1,100,112)  (  1,128, 48)
  0 -0.6916E-03  0 -0.5497E-03  0 -0.3731E-03  0 -0.3884E-03  0 -0.3990E-03
   (  1,228, 88)  (  1, 90, 43)  (  1,180,149)  (  2, 98,137)  (  1, 99,157)
  0 -0.3937E-03  0 -0.1581E-03  0 -0.1566E-03  0 -0.1019E-03  0 -0.8087E-04
   (  1,128, 78)  (  2,207, 68)  (  1, 86, 58)  (  1, 87, 62)  (  2,252, 52)
  1 -0.6110E-03  0 -0.1435E-02  0 -0.9268E-03  0 -0.5508E-03  0 -0.4446E-03
   (  1,188, 99)  (  1,230,141)  (  1,200,128)  (  1,223,138)  (  1,226,139)
  0 -0.2234E-03  0 -0.2217E-03  0 -0.2613E-03  0 -0.2626E-03  0 -0.1201E-03
   (  2,166,113)  (  1, 84,140)  (  2,133,162)  (  1,148,162)  (  2, 99,148)
  0 -0.1341E-03  0 -0.1136E-03  0 -0.6740E-04  1 -0.1828E-03  0 -0.4966E-03
   (  1,150, 90)  (  2,148, 55)  (  1,208, 97)  (  2,169, 75)  (  1,253,155)
  0 -0.4055E-03  0 -0.2434E-03  0 -0.1903E-03  0 -0.1342E-03  0 -0.1400E-03
   (  1,231,144)  (  1, 63,122)  (  2,111,163)  (  1, 96,139)  (  1,252, 74)
  0 -0.1598E-03  0 -0.8048E-04  1 -0.4723E-04
   (  1,180,150)  (  1,178,146)  (  2,155, 60)

 MAXIMUM RESIDUAL FOR EACH ITERATION (1 INDICATES THE FIRST INNER ITERATION):

    RESIDUAL       RESIDUAL       RESIDUAL       RESIDUAL       RESIDUAL    
   LAYER,ROW,COL  LAYER,ROW,COL  LAYER,ROW,COL  LAYER,ROW,COL  LAYER,ROW,COL
 ---------------------------------------------------------------------------
  1   1.140      0   1.057      0  0.8959      0  0.7459      0  0.6315    
   (  2,  2,  2)  (  2,  2,  2)  (  2,  2,  2)  (  2,  2,  2)  (  2,  2,  2)
  0  0.5440      0  0.4746      0  0.4155      0  0.3667      0  0.3218    
   (  2,  2,  2)  (  2,  2,  2)  (  2,  2,  2)  (  2,  2,  2)  (  2,  2,  2)
  0  0.2754      0  0.2299      0  0.1875      0 -0.1517      0 -0.1144    
   (  2,  2,  2)  (  2,  2,  2)  (  2,  2,  2)  (  2,320,195)  (  2,320,195)
  0 -0.8388E-01  0 -0.7284E-01  0 -0.6754E-01  0 -0.6121E-01  0 -0.5732E-01
   (  2,320,195)  (  2,  4,195)  (  2,  4,195)  (  2,  4,195)  (  2,  3,195)
  0 -0.5363E-01  0 -0.4942E-01  0 -0.4527E-01  0 -0.4095E-01  0 -0.3657E-01
   (  2,  3,195)  (  2,  3,195)  (  2,  3,195)  (  2,  3,195)  (  2,  3,195)
  1 -0.3617E-01  0 -0.3337E-01  0 -0.2798E-01  0 -0.2198E-01  0 -0.1632E-01
   (  2,  3,195)  (  2,  3,195)  (  2,  3,195)  (  2,  3,195)  (  2,  3,195)
  0  0.1240E-01  0  0.1037E-01  0  0.8726E-02  0  0.7365E-02  0  0.6233E-02
   (  1, 48, 53)  (  1, 48, 53)  (  1, 48, 53)  (  1, 48, 53)  (  1, 48, 53)
  0  0.5341E-02  0  0.4604E-02  0  0.4004E-02  0  0.3495E-02  0  0.3029E-02
   (  1, 48, 53)  (  1, 48, 53)  (  1, 52, 54)  (  1, 52, 54)  (  1, 52, 54)
  0  0.2588E-02  0  0.2148E-02  0  0.1858E-02  0  0.1548E-02  0  0.1278E-02
   (  1, 52, 54)  (  2,  4,195)  (  2,  4,195)  (  2,  4,195)  (  2,  4,195)
  0  0.1056E-02  0  0.8684E-03  0  0.7718E-03  0  0.6837E-03  0  0.5862E-03
   (  2,  4,195)  (  1, 52, 54)  (  2,  3,195)  (  2,  3,195)  (  2,  3,195)
  1  0.5284E-02  0  0.4195E-02  0  0.3448E-02  0  0.2976E-02  0  0.2683E-02
   (  1, 52, 54)  (  1, 52, 54)  (  1, 52, 54)  (  1, 52, 54)  (  1, 52, 54)
  0  0.2411E-02  0  0.2179E-02  0  0.1939E-02  0  0.1724E-02  0  0.1530E-02
   (  1, 52, 54)  (  1, 52, 54)  (  1, 52, 54)  (  1, 52, 54)  (  1, 52, 54)
  0  0.1337E-02  0  0.1192E-02  0  0.1056E-02  0  0.9105E-03  0  0.7847E-03
   (  1, 52, 54)  (  1, 52, 54)  (  1, 52, 54)  (  1, 52, 54)  (  1, 52, 54)
  0  0.6894E-03  0  0.6001E-03  0  0.5219E-03  0  0.4532E-03  0  0.3959E-03
   (  1, 52, 54)  (  1, 52, 54)  (  1, 52, 54)  (  1, 52, 54)  (  1, 52, 54)
  0  0.3476E-03  0  0.3027E-03  0  0.2601E-03  0  0.2210E-03  0  0.1876E-03
   (  1, 52, 54)  (  1, 52, 54)  (  1, 52, 54)  (  1, 52, 54)  (  1, 52, 54)
  1  0.1875E-02  0  0.1496E-02  0  0.1234E-02  0  0.1040E-02  0  0.9269E-03
   (  1, 52, 54)  (  1, 52, 54)  (  1, 52, 54)  (  1, 52, 54)  (  1, 52, 54)
  0  0.8346E-03  0  0.7529E-03  0  0.6822E-03  0  0.6133E-03  0  0.5429E-03
   (  1, 52, 54)  (  1, 52, 54)  (  1, 52, 54)  (  1, 52, 54)  (  1, 52, 54)
  0  0.4738E-03  0  0.4175E-03  0  0.3615E-03  0  0.3094E-03  0  0.2696E-03
   (  1, 52, 54)  (  1, 52, 54)  (  1, 52, 54)  (  1, 52, 54)  (  1, 52, 54)
  0  0.2379E-03  0  0.2103E-03  0  0.1837E-03  0  0.1602E-03  0  0.1410E-03
   (  1, 52, 54)  (  1, 52, 54)  (  1, 52, 54)  (  1, 52, 54)  (  1, 52, 54)
  0  0.1233E-03  0  0.1056E-03  0  0.9139E-04  0  0.7835E-04  0  0.6751E-04
   (  1, 52, 54)  (  1, 52, 54)  (  1, 52, 54)  (  1, 52, 54)  (  1, 52, 54)
  1  0.7556E-03  0  0.6227E-03  0  0.5267E-03  0  0.4511E-03  0  0.4008E-03
   (  1, 52, 54)  (  1, 52, 54)  (  1, 52, 54)  (  1, 52, 54)  (  1, 52, 54)
  0  0.3581E-03  0  0.3222E-03  0  0.2894E-03  0  0.2553E-03  0  0.2232E-03
   (  1, 52, 54)  (  1, 52, 54)  (  1, 52, 54)  (  1, 52, 54)  (  1, 52, 54)
  0  0.1966E-03  0  0.1730E-03  0  0.1458E-03  0  0.1309E-03  0  0.1151E-03
   (  1, 52, 54)  (  1, 52, 54)  (  1, 52, 54)  (  1, 52, 54)  (  1, 52, 54)
  0  0.1020E-03  0  0.9097E-04  0  0.7927E-04  0  0.6823E-04  0  0.6028E-04
   (  1, 52, 54)  (  1, 52, 54)  (  1, 52, 54)  (  1, 52, 54)  (  1, 52, 54)
  0  0.5236E-04  0  0.4516E-04  0  0.3908E-04  0  0.3327E-04  0  0.2850E-04
   (  1, 52, 54)  (  1, 52, 54)  (  1, 52, 54)  (  1, 52, 54)  (  1, 52, 54)
  1  0.3078E-03  0  0.2545E-03  0  0.2149E-03  0  0.1847E-03  0  0.1652E-03
   (  1, 52, 54)  (  1, 52, 54)  (  1, 52, 54)  (  1, 52, 54)  (  1, 52, 54)
  0  0.1484E-03  0  0.1335E-03  0  0.1204E-03  0  0.1076E-03  0  0.9484E-04
   (  1, 52, 54)  (  1, 52, 54)  (  1, 52, 54)  (  1, 52, 54)  (  1, 52, 54)
  0  0.8289E-04  0  0.7332E-04  0  0.6222E-04  0  0.5385E-04  0  0.4739E-04
   (  1, 52, 54)  (  1, 52, 54)  (  1, 52, 54)  (  1, 52, 54)  (  1, 52, 54)
  0  0.4185E-04  0  0.3698E-04  0  0.3206E-04  0  0.2769E-04  0  0.2449E-04
   (  1, 52, 54)  (  1, 52, 54)  (  1, 52, 54)  (  1, 52, 54)  (  1, 52, 54)
  1  0.1482E-03  0  0.1183E-03  0  0.9981E-04  0  0.8483E-04  0  0.7481E-04
   (  1, 52, 54)  (  1, 52, 54)  (  1, 52, 54)  (  1, 52, 54)  (  1, 52, 54)
  0  0.6704E-04  0  0.5983E-04  0  0.5407E-04  0  0.4838E-04  0  0.4276E-04
   (  1, 52, 54)  (  1, 52, 54)  (  1, 52, 54)  (  1, 52, 54)  (  1, 52, 54)
  0  0.3348E-04  0  0.3031E-04  0  0.2660E-04  0  0.2307E-04  0  0.2048E-04
   (  1, 52, 54)  (  1, 52, 54)  (  1, 52, 54)  (  1, 52, 54)  (  1, 52, 54)
  1  0.7371E-04  0  0.6015E-04  0  0.5030E-04  0  0.4302E-04  0  0.3639E-04
   (  1, 52, 54)  (  1, 52, 54)  (  1, 52, 54)  (  1, 52, 54)  (  1, 52, 54)
  0  0.3301E-04  0  0.2923E-04  0  0.2493E-04  0  0.2093E-04  0  0.1871E-04
   (  1, 52, 54)  (  1, 52, 54)  (  1, 52, 54)  (  1, 52, 54)  (  1, 52, 54)
  0  0.1630E-04  0  0.1433E-04  0  0.1289E-04  1  0.3713E-04  0  0.3120E-04
   (  1, 52, 54)  (  1, 52, 54)  (  1, 52, 54)  (  1, 52, 54)  (  1, 52, 54)
  0  0.2591E-04  0  0.2221E-04  0  0.1878E-04  0  0.1650E-04  0  0.1368E-04
   (  1, 52, 54)  (  1, 52, 54)  (  1, 52, 54)  (  1, 52, 54)  (  1, 52, 54)
  0  0.1068E-04  0  0.9230E-05  1  0.2026E-04
   (  1, 52, 54)  (  1, 52, 54)  (  1, 52, 54)



 OUTPUT CONTROL FOR STRESS PERIOD    1   TIME STEP    1
    SAVE HEAD FOR ALL LAYERS
    SAVE DRAWDOWN FOR ALL LAYERS
    SAVE BUDGET
    PRINT BUDGET
 UBUDSV SAVING "   CONSTANT HEAD" ON UNIT 50 AT TIME STEP  1, STRESS PERIOD    1
 UBUDSV SAVING "FLOW RIGHT FACE " ON UNIT 50 AT TIME STEP  1, STRESS PERIOD    1
 UBUDSV SAVING "FLOW FRONT FACE " ON UNIT 50 AT TIME STEP  1, STRESS PERIOD    1
 UBUDSV SAVING "FLOW LOWER FACE " ON UNIT 50 AT TIME STEP  1, STRESS PERIOD    1
 UBUDSV SAVING "        RECHARGE" ON UNIT 50 AT TIME STEP  1, STRESS PERIOD    1



 UBUDSV SAVING "  STREAM LEAKAGE" ON UNIT 50 AT TIME STEP  1, STRESS PERIOD    1


     0  LAKE CELLS ARE DRY.

 WARNING-- COMPUTED STAGE OF     124.88 IS GREATER THAN SPECIFIED MAXIMUM     124.49 FOR LAKE     1

 PERIOD     1     TIME STEP     1     TIME STEP LENGTH  1.0000E+01
 PERIOD TIME  1.0000E+01     TOTAL SIMULATION TIME  1.0000E+01


                 HYDROLOGIC BUDGET SUMMARIES FOR SIMULATED LAKES
     (ALL FLUID FLUXES ARE VOLUMES ADDED TO THE LAKE DURING PRESENT TIME STEP)
     ----------------------------------------------------------------------------------------
 LAKE    STAGE         VOLUME     VOL. CHANGE      PRECIP     EVAPORATION        RUNOFF
   1  1.248832E+02  2.561647E+02     N/A (SS)   9.320400E-05  0.000000E+00  0.000000E+00

            GROUND WATER            SURFACE WATER        WATER
 LAKE    INFLOW     OUTFLOW      INFLOW     OUTFLOW       USE
   1  6.2469E-01  0.0000E+00  0.0000E+00  6.2496E-01  0.0000E+00

      CONNECTED LAKE   TIME-STEP         STAGE-CHANGE          PERCENT
 LAKE    INFLUX      SURFACE AREA   TIME STEP  CUMULATIVE    DISCREPANCY
   1   0.0000E+00     1.8000E+02     N/A (SS)   N/A (SS)       -0.028
 --------------------------------------------------------------------------------



            CUMULATIVE HYDROLOGIC BUDGET SUMMARIES FOR SIMULATED LAKES
     (ALL FLUID FLUXES ARE SUMS OF VOLUMES ADDED TO THE LAKE SINCE INITIAL TIME)
     ---------------------------------------------------------------------------
 LAKE       PRECIP       EVAP       RUNOFF
   1     9.3204E-05  0.0000E+00  0.0000E+00

            GROUND WATER            SURFACE WATER
 LAKE    INFLOW     OUTFLOW      INFLOW     OUTFLOW
   1  6.2469E-01  0.0000E+00  0.0000E+00  6.2496E-01

         WATER    CONNECTED LAKE   CHANGE       PERCENT
 LAKE     USE         INFLUX       IN VOL.    DISCREPANCY
   1   0.0000E+00   0.0000E+00    N/A (SS)      -0.028
 --------------------------------------------------------------------------------

 UBUDSV SAVING "   LAKE  SEEPAGE" ON UNIT 50 AT TIME STEP  1, STRESS PERIOD    1

 HEAD WILL BE SAVED ON UNIT   30 AT END OF TIME STEP    1, STRESS PERIOD    1

 DRAWDOWN WILL BE SAVED ON UNIT   31 AT END OF TIME STEP    1, STRESS PERIOD    1
1
  VOLUMETRIC BUDGET FOR ENTIRE MODEL AT END OF TIME STEP    1, STRESS PERIOD   1
  ------------------------------------------------------------------------------

     CUMULATIVE VOLUMES      L**3       RATES FOR THIS TIME STEP      L**3/T
     ------------------                 ------------------------

           IN:                                      IN:
           ---                                      ---
             STORAGE =           0.0000               STORAGE =           0.0000
       CONSTANT HEAD =          20.5119         CONSTANT HEAD =           2.0512
            RECHARGE =          10.6687              RECHARGE =           1.0669
      STREAM LEAKAGE =           0.6100        STREAM LEAKAGE =       6.1001E-02
       LAKE  SEEPAGE =           0.0000         LAKE  SEEPAGE =           0.0000

            TOTAL IN =          31.7906              TOTAL IN =           3.1791

          OUT:                                     OUT:
          ----                                     ----
             STORAGE =           0.0000               STORAGE =           0.0000
       CONSTANT HEAD =          30.7202         CONSTANT HEAD =           3.0720
            RECHARGE =           0.0000              RECHARGE =           0.0000
      STREAM LEAKAGE =           0.4541        STREAM LEAKAGE =       4.5412E-02
       LAKE  SEEPAGE =           0.6247         LAKE  SEEPAGE =       6.2469E-02

           TOTAL OUT =          31.7990             TOTAL OUT =           3.1799

            IN - OUT =      -8.4133E-03              IN - OUT =      -8.4090E-04

 PERCENT DISCREPANCY =          -0.03     PERCENT DISCREPANCY =          -0.03






         TIME SUMMARY AT END OF TIME STEP    1 IN STRESS PERIOD    1
                    SECONDS     MINUTES      HOURS       DAYS        YEARS
                    -----------------------------------------------------------
   TIME STEP LENGTH 8.64000E+05  14400.      240.00      10.000     2.73785E-02
 STRESS PERIOD TIME 8.64000E+05  14400.      240.00      10.000     2.73785E-02
         TOTAL TIME 8.64000E+05  14400.      240.00      10.000     2.73785E-02
1

 Run end date and time (yyyy/mm/dd hh:mm:ss): 2026/07/16 20:38:03
 Elapsed run time:  1.016 Seconds

